<?xml version="1.0"?>
<link_info>
   <banner>TI ARM Linker PC v5.0.4</banner>
   <copyright>Copyright (c) 1996-2013 Texas Instruments Incorporated</copyright>
   <link_time>0x55ad57a5</link_time>
   <output_file>timers.out</output_file>
   <entry_point>
      <name>_c_int00</name>
      <address>0xcb9</address>
   </entry_point>
   <input_file_list>
      <input_file id="fl-2">
         <path>.\utils\</path>
         <kind>object</kind>
         <file>uartstdio.obj</file>
         <name>uartstdio.obj</name>
      </input_file>
      <input_file id="fl-3">
         <path>.\</path>
         <kind>object</kind>
         <file>timers.obj</file>
         <name>timers.obj</name>
      </input_file>
      <input_file id="fl-4">
         <path>.\</path>
         <kind>object</kind>
         <file>startup_ccs.obj</file>
         <name>startup_ccs.obj</name>
      </input_file>
      <input_file id="fl-132">
         <path>C:\ti\ccsv5\tools\compiler\arm_5.0.4\lib\</path>
         <kind>archive</kind>
         <file>rtsv7M4_T_le_v4SPD16_eabi.lib</file>
         <name>boot.obj</name>
      </input_file>
      <input_file id="fl-133">
         <path>C:\ti\ccsv5\tools\compiler\arm_5.0.4\lib\</path>
         <kind>archive</kind>
         <file>rtsv7M4_T_le_v4SPD16_eabi.lib</file>
         <name>copy_decompress_none.obj</name>
      </input_file>
      <input_file id="fl-134">
         <path>C:\ti\ccsv5\tools\compiler\arm_5.0.4\lib\</path>
         <kind>archive</kind>
         <file>rtsv7M4_T_le_v4SPD16_eabi.lib</file>
         <name>copy_decompress_rle.obj</name>
      </input_file>
      <input_file id="fl-135">
         <path>C:\ti\ccsv5\tools\compiler\arm_5.0.4\lib\</path>
         <kind>archive</kind>
         <file>rtsv7M4_T_le_v4SPD16_eabi.lib</file>
         <name>copy_zero_init.obj</name>
      </input_file>
      <input_file id="fl-136">
         <path>C:\ti\ccsv5\tools\compiler\arm_5.0.4\lib\</path>
         <kind>archive</kind>
         <file>rtsv7M4_T_le_v4SPD16_eabi.lib</file>
         <name>exit.obj</name>
      </input_file>
      <input_file id="fl-137">
         <path>C:\ti\ccsv5\tools\compiler\arm_5.0.4\lib\</path>
         <kind>archive</kind>
         <file>rtsv7M4_T_le_v4SPD16_eabi.lib</file>
         <name>memcpy_t2.obj</name>
      </input_file>
      <input_file id="fl-138">
         <path>C:\ti\ccsv5\tools\compiler\arm_5.0.4\lib\</path>
         <kind>archive</kind>
         <file>rtsv7M4_T_le_v4SPD16_eabi.lib</file>
         <name>sinf.obj</name>
      </input_file>
      <input_file id="fl-139">
         <path>C:\ti\ccsv5\tools\compiler\arm_5.0.4\lib\</path>
         <kind>archive</kind>
         <file>rtsv7M4_T_le_v4SPD16_eabi.lib</file>
         <name>stkdepth_vars.obj</name>
      </input_file>
      <input_file id="fl-13a">
         <path>C:\ti\ccsv5\tools\compiler\arm_5.0.4\lib\</path>
         <kind>archive</kind>
         <file>rtsv7M4_T_le_v4SPD16_eabi.lib</file>
         <name>u_divt2.obj</name>
      </input_file>
      <input_file id="fl-13b">
         <path>C:\ti\ccsv5\tools\compiler\arm_5.0.4\lib\</path>
         <kind>archive</kind>
         <file>rtsv7M4_T_le_v4SPD16_eabi.lib</file>
         <name>xfsin.obj</name>
      </input_file>
      <input_file id="fl-13c">
         <path>C:\ti\ccsv5\tools\compiler\arm_5.0.4\lib\</path>
         <kind>archive</kind>
         <file>rtsv7M4_T_le_v4SPD16_eabi.lib</file>
         <name>xfvalues.obj</name>
      </input_file>
      <input_file id="fl-13d">
         <path>C:\ti\ccsv5\tools\compiler\arm_5.0.4\lib\</path>
         <kind>archive</kind>
         <file>rtsv7M4_T_le_v4SPD16_eabi.lib</file>
         <name>_lock.obj</name>
      </input_file>
      <input_file id="fl-13e">
         <path>C:\ti\ccsv5\tools\compiler\arm_5.0.4\lib\</path>
         <kind>archive</kind>
         <file>rtsv7M4_T_le_v4SPD16_eabi.lib</file>
         <name>args_main.obj</name>
      </input_file>
      <input_file id="fl-13f">
         <path>C:\ti\ccsv5\tools\compiler\arm_5.0.4\lib\</path>
         <kind>archive</kind>
         <file>rtsv7M4_T_le_v4SPD16_eabi.lib</file>
         <name>auto_init.obj</name>
      </input_file>
      <input_file id="fl-140">
         <path>C:\ti\ccsv5\tools\compiler\arm_5.0.4\lib\</path>
         <kind>archive</kind>
         <file>rtsv7M4_T_le_v4SPD16_eabi.lib</file>
         <name>cpy_tbl.obj</name>
      </input_file>
      <input_file id="fl-141">
         <path>C:\ti\ccsv5\tools\compiler\arm_5.0.4\lib\</path>
         <kind>archive</kind>
         <file>rtsv7M4_T_le_v4SPD16_eabi.lib</file>
         <name>fd_cmp_t2.obj</name>
      </input_file>
      <input_file id="fl-142">
         <path>C:\ti\ccsv5\tools\compiler\arm_5.0.4\lib\</path>
         <kind>archive</kind>
         <file>rtsv7M4_T_le_v4SPD16_eabi.lib</file>
         <name>fmodf.obj</name>
      </input_file>
      <input_file id="fl-143">
         <path>C:\ti\ccsv5\tools\compiler\arm_5.0.4\lib\</path>
         <kind>archive</kind>
         <file>rtsv7M4_T_le_v4SPD16_eabi.lib</file>
         <name>fs_tod_t2.obj</name>
      </input_file>
      <input_file id="fl-144">
         <path>C:\ti\ccsv5\tools\compiler\arm_5.0.4\lib\</path>
         <kind>archive</kind>
         <file>rtsv7M4_T_le_v4SPD16_eabi.lib</file>
         <name>xfdnorm.obj</name>
      </input_file>
      <input_file id="fl-145">
         <path>C:\ti\ccsv5\tools\compiler\arm_5.0.4\lib\</path>
         <kind>archive</kind>
         <file>rtsv7M4_T_le_v4SPD16_eabi.lib</file>
         <name>xfdscale.obj</name>
      </input_file>
      <input_file id="fl-146">
         <path>C:\ti\ccsv5\tools\compiler\arm_5.0.4\lib\</path>
         <kind>archive</kind>
         <file>rtsv7M4_T_le_v4SPD16_eabi.lib</file>
         <name>xfdtest.obj</name>
      </input_file>
      <input_file id="fl-147">
         <path>C:\ti\ccsv5\tools\compiler\arm_5.0.4\lib\</path>
         <kind>archive</kind>
         <file>rtsv7M4_T_le_v4SPD16_eabi.lib</file>
         <name>xferaise.obj</name>
      </input_file>
      <input_file id="fl-148">
         <path>C:\ti\ccsv5\tools\compiler\arm_5.0.4\lib\</path>
         <kind>archive</kind>
         <file>rtsv7M4_T_le_v4SPD16_eabi.lib</file>
         <name>errno.obj</name>
      </input_file>
      <input_file id="fl-149">
         <path>C:\ti\ccsv5\tools\compiler\arm_5.0.4\lib\</path>
         <kind>archive</kind>
         <file>rtsv7M4_T_le_v4SPD16_eabi.lib</file>
         <name>feraiseexcept.obj</name>
      </input_file>
      <input_file id="fl-14a">
         <path>C:\ti\ccsv5\tools\compiler\arm_5.0.4\lib\</path>
         <kind>archive</kind>
         <file>rtsv7M4_T_le_v4SPD16_eabi.lib</file>
         <name>raise.obj</name>
      </input_file>
      <input_file id="fl-14b">
         <path>C:\ti\ccsv5\tools\compiler\arm_5.0.4\lib\</path>
         <kind>archive</kind>
         <file>rtsv7M4_T_le_v4SPD16_eabi.lib</file>
         <name>signal.obj</name>
      </input_file>
      <input_file id="fl-14c">
         <path>C:\ti\TivaWare_C_Series-2.1.0.12573\examples\boards\ek-tm4c1294xl\timers\ccs\..\..\..\..\..\driverlib\ccs\Debug\</path>
         <kind>archive</kind>
         <file>driverlib.lib</file>
         <name>sysctl.obj</name>
      </input_file>
      <input_file id="fl-14d">
         <path>C:\ti\TivaWare_C_Series-2.1.0.12573\examples\boards\ek-tm4c1294xl\timers\ccs\..\..\..\..\..\driverlib\ccs\Debug\</path>
         <kind>archive</kind>
         <file>driverlib.lib</file>
         <name>pwm.obj</name>
      </input_file>
      <input_file id="fl-14e">
         <path>C:\ti\TivaWare_C_Series-2.1.0.12573\examples\boards\ek-tm4c1294xl\timers\ccs\..\..\..\..\..\driverlib\ccs\Debug\</path>
         <kind>archive</kind>
         <file>driverlib.lib</file>
         <name>interrupt.obj</name>
      </input_file>
      <input_file id="fl-14f">
         <path>C:\ti\TivaWare_C_Series-2.1.0.12573\examples\boards\ek-tm4c1294xl\timers\ccs\..\..\..\..\..\driverlib\ccs\Debug\</path>
         <kind>archive</kind>
         <file>driverlib.lib</file>
         <name>gpio.obj</name>
      </input_file>
      <input_file id="fl-150">
         <path>C:\ti\TivaWare_C_Series-2.1.0.12573\examples\boards\ek-tm4c1294xl\timers\ccs\..\..\..\..\..\driverlib\ccs\Debug\</path>
         <kind>archive</kind>
         <file>driverlib.lib</file>
         <name>cpu.obj</name>
      </input_file>
   </input_file_list>
   <object_component_list>
      <object_component id="oc-e">
         <name>.intvecs</name>
         <load_address>0x0</load_address>
         <run_address>0x0</run_address>
         <size>0x200</size>
         <input_file_ref idref="fl-4"/>
      </object_component>
      <object_component id="oc-af">
         <name>.text:SysCtlClockFreqSet</name>
         <load_address>0x200</load_address>
         <run_address>0x200</run_address>
         <size>0x1fc</size>
         <input_file_ref idref="fl-14c"/>
      </object_component>
      <object_component id="oc-13c">
         <name>.text</name>
         <load_address>0x3fc</load_address>
         <run_address>0x3fc</run_address>
         <size>0x174</size>
         <input_file_ref idref="fl-13b"/>
      </object_component>
      <object_component id="oc-124">
         <name>.text:GPIOPadConfigSet</name>
         <load_address>0x570</load_address>
         <run_address>0x570</run_address>
         <size>0x130</size>
         <input_file_ref idref="fl-14f"/>
      </object_component>
      <object_component id="oc-171">
         <name>.text</name>
         <load_address>0x6a0</load_address>
         <run_address>0x6a0</run_address>
         <size>0x124</size>
         <input_file_ref idref="fl-142"/>
      </object_component>
      <object_component id="oc-77">
         <name>.text:main</name>
         <load_address>0x7c4</load_address>
         <run_address>0x7c4</run_address>
         <size>0x11c</size>
         <input_file_ref idref="fl-3"/>
      </object_component>
      <object_component id="oc-18b">
         <name>.text</name>
         <load_address>0x8e0</load_address>
         <run_address>0x8e0</run_address>
         <size>0xc0</size>
         <input_file_ref idref="fl-145"/>
      </object_component>
      <object_component id="oc-47">
         <name>.text</name>
         <load_address>0x9a0</load_address>
         <run_address>0x9a0</run_address>
         <size>0x9c</size>
         <input_file_ref idref="fl-137"/>
      </object_component>
      <object_component id="oc-38">
         <name>.text</name>
         <load_address>0xa3c</load_address>
         <run_address>0xa3c</run_address>
         <size>0x94</size>
         <input_file_ref idref="fl-13f"/>
      </object_component>
      <object_component id="oc-16d">
         <name>.text</name>
         <load_address>0xad0</load_address>
         <run_address>0xad0</run_address>
         <size>0x7e</size>
         <input_file_ref idref="fl-141"/>
      </object_component>
      <object_component id="oc-187">
         <name>.text</name>
         <load_address>0xb4e</load_address>
         <run_address>0xb4e</run_address>
         <size>0x7c</size>
         <input_file_ref idref="fl-144"/>
      </object_component>
      <object_component id="oc-57">
         <name>.text</name>
         <load_address>0xbca</load_address>
         <run_address>0xbca</run_address>
         <size>0x5e</size>
         <input_file_ref idref="fl-134"/>
      </object_component>
      <object_component id="oc-c8">
         <name>.text:GPIOPinConfigure</name>
         <load_address>0xc28</load_address>
         <run_address>0xc28</run_address>
         <size>0x48</size>
         <input_file_ref idref="fl-14f"/>
      </object_component>
      <object_component id="oc-10c">
         <name>.text:_SysCtlFrequencyGet</name>
         <load_address>0xc70</load_address>
         <run_address>0xc70</run_address>
         <size>0x48</size>
         <input_file_ref idref="fl-14c"/>
      </object_component>
      <object_component id="oc-10">
         <name>.text</name>
         <load_address>0xcb8</load_address>
         <run_address>0xcb8</run_address>
         <size>0x48</size>
         <input_file_ref idref="fl-132"/>
      </object_component>
      <object_component id="oc-72">
         <name>.text</name>
         <load_address>0xd00</load_address>
         <run_address>0xd00</run_address>
         <size>0x44</size>
         <input_file_ref idref="fl-140"/>
      </object_component>
      <object_component id="oc-40">
         <name>.text</name>
         <load_address>0xd44</load_address>
         <run_address>0xd44</run_address>
         <size>0x40</size>
         <input_file_ref idref="fl-136"/>
      </object_component>
      <object_component id="oc-1b1">
         <name>.text</name>
         <load_address>0xd84</load_address>
         <run_address>0xd84</run_address>
         <size>0x40</size>
         <input_file_ref idref="fl-14b"/>
      </object_component>
      <object_component id="oc-169">
         <name>.text</name>
         <load_address>0xdc4</load_address>
         <run_address>0xdc4</run_address>
         <size>0x38</size>
         <input_file_ref idref="fl-143"/>
      </object_component>
      <object_component id="oc-b4">
         <name>.text:SysCtlPeripheralEnable</name>
         <load_address>0xdfc</load_address>
         <run_address>0xdfc</run_address>
         <size>0x34</size>
         <input_file_ref idref="fl-14c"/>
      </object_component>
      <object_component id="oc-161">
         <name>.text</name>
         <load_address>0xe30</load_address>
         <run_address>0xe30</run_address>
         <size>0x34</size>
         <input_file_ref idref="fl-146"/>
      </object_component>
      <object_component id="oc-17e">
         <name>.text</name>
         <load_address>0xe64</load_address>
         <run_address>0xe64</run_address>
         <size>0x30</size>
         <input_file_ref idref="fl-149"/>
      </object_component>
      <object_component id="oc-165">
         <name>.text</name>
         <load_address>0xe94</load_address>
         <run_address>0xe94</run_address>
         <size>0x30</size>
         <input_file_ref idref="fl-147"/>
      </object_component>
      <object_component id="oc-19c">
         <name>.text</name>
         <load_address>0xec4</load_address>
         <run_address>0xec4</run_address>
         <size>0x2e</size>
         <input_file_ref idref="fl-14a"/>
      </object_component>
      <object_component id="oc-129">
         <name>.text:GPIODirModeSet</name>
         <load_address>0xef2</load_address>
         <run_address>0xef2</run_address>
         <size>0x2a</size>
         <input_file_ref idref="fl-14f"/>
      </object_component>
      <object_component id="oc-d2">
         <name>.text:PWMGenConfigure</name>
         <load_address>0xf1c</load_address>
         <run_address>0xf1c</run_address>
         <size>0x22</size>
         <input_file_ref idref="fl-14d"/>
      </object_component>
      <object_component id="oc-dc">
         <name>.text:PWMPulseWidthSet</name>
         <load_address>0xf3e</load_address>
         <run_address>0xf3e</run_address>
         <size>0x1e</size>
         <input_file_ref idref="fl-14d"/>
      </object_component>
      <object_component id="oc-107">
         <name>.text:_SysCtlMemTimingGet</name>
         <load_address>0xf5c</load_address>
         <run_address>0xf5c</run_address>
         <size>0x1c</size>
         <input_file_ref idref="fl-14c"/>
      </object_component>
      <object_component id="oc-b9">
         <name>.text:GPIOPinTypeGPIOOutput</name>
         <load_address>0xf78</load_address>
         <run_address>0xf78</run_address>
         <size>0x18</size>
         <input_file_ref idref="fl-14f"/>
      </object_component>
      <object_component id="oc-3c">
         <name>.text</name>
         <load_address>0xf90</load_address>
         <run_address>0xf90</run_address>
         <size>0x18</size>
         <input_file_ref idref="fl-13e"/>
      </object_component>
      <object_component id="oc-c3">
         <name>.text:PWMClockSet</name>
         <load_address>0xfa8</load_address>
         <run_address>0xfa8</run_address>
         <size>0x14</size>
         <input_file_ref idref="fl-14d"/>
      </object_component>
      <object_component id="oc-f2">
         <name>.text</name>
         <load_address>0xfbc</load_address>
         <run_address>0xfbc</run_address>
         <size>0x14</size>
         <input_file_ref idref="fl-13d"/>
      </object_component>
      <object_component id="oc-cd">
         <name>.text:GPIOPinTypePWM</name>
         <load_address>0xfd0</load_address>
         <run_address>0xfd0</run_address>
         <size>0x12</size>
         <input_file_ref idref="fl-14f"/>
      </object_component>
      <object_component id="oc-e1">
         <name>.text:PWMOutputState</name>
         <load_address>0xfe2</load_address>
         <run_address>0xfe2</run_address>
         <size>0x12</size>
         <input_file_ref idref="fl-14d"/>
      </object_component>
      <object_component id="oc-d7">
         <name>.text:PWMGenPeriodSet</name>
         <load_address>0xff4</load_address>
         <run_address>0xff4</run_address>
         <size>0x10</size>
         <input_file_ref idref="fl-14d"/>
      </object_component>
      <object_component id="oc-14">
         <name>.text:decompress:none</name>
         <load_address>0x1004</load_address>
         <run_address>0x1004</run_address>
         <size>0xe</size>
         <input_file_ref idref="fl-133"/>
      </object_component>
      <object_component id="oc-e6">
         <name>.text:PWMGenEnable</name>
         <load_address>0x1012</load_address>
         <run_address>0x1012</run_address>
         <size>0xc</size>
         <input_file_ref idref="fl-14d"/>
      </object_component>
      <object_component id="oc-be">
         <name>.text:GPIOPinWrite</name>
         <load_address>0x101e</load_address>
         <run_address>0x101e</run_address>
         <size>0x6</size>
         <input_file_ref idref="fl-14f"/>
      </object_component>
      <object_component id="oc-21">
         <name>.text:ResetISR</name>
         <load_address>0x1024</load_address>
         <run_address>0x1024</run_address>
         <size>0x6</size>
         <input_file_ref idref="fl-4"/>
      </object_component>
      <object_component id="oc-ef">
         <name>.text:SysCtlDelay</name>
         <load_address>0x102a</load_address>
         <run_address>0x102a</run_address>
         <size>0x6</size>
         <input_file_ref idref="fl-14c"/>
      </object_component>
      <object_component id="oc-1c">
         <name>.text:decompress:rle24</name>
         <load_address>0x1030</load_address>
         <run_address>0x1030</run_address>
         <size>0x6</size>
         <input_file_ref idref="fl-134"/>
      </object_component>
      <object_component id="oc-eb">
         <name>.text</name>
         <load_address>0x1036</load_address>
         <run_address>0x1036</run_address>
         <size>0x6</size>
         <input_file_ref idref="fl-138"/>
      </object_component>
      <object_component id="oc-2b">
         <name>.text:FaultISR</name>
         <load_address>0x103c</load_address>
         <run_address>0x103c</run_address>
         <size>0x2</size>
         <input_file_ref idref="fl-4"/>
      </object_component>
      <object_component id="oc-30">
         <name>.text:IntDefaultHandler</name>
         <load_address>0x103e</load_address>
         <run_address>0x103e</run_address>
         <size>0x2</size>
         <input_file_ref idref="fl-4"/>
      </object_component>
      <object_component id="oc-26">
         <name>.text:NmiSR</name>
         <load_address>0x1040</load_address>
         <run_address>0x1040</run_address>
         <size>0x2</size>
         <input_file_ref idref="fl-4"/>
      </object_component>
      <object_component id="oc-113">
         <name>.const:g_pppui32XTALtoVCO</name>
         <load_address>0x1044</load_address>
         <run_address>0x1044</run_address>
         <size>0x120</size>
         <input_file_ref idref="fl-14c"/>
      </object_component>
      <object_component id="oc-133">
         <name>.const:g_pui32GPIOBaseAddrs</name>
         <load_address>0x1164</load_address>
         <run_address>0x1164</run_address>
         <size>0x90</size>
         <input_file_ref idref="fl-14f"/>
      </object_component>
      <object_component id="oc-111">
         <name>.const:g_pui32Xtals</name>
         <load_address>0x11f4</load_address>
         <run_address>0x11f4</run_address>
         <size>0x6c</size>
         <input_file_ref idref="fl-14c"/>
      </object_component>
      <object_component id="oc-148">
         <name>.const:g_sXTALtoMEMTIM</name>
         <load_address>0x1260</load_address>
         <run_address>0x1260</run_address>
         <size>0x30</size>
         <input_file_ref idref="fl-14c"/>
      </object_component>
      <object_component id="oc-177">
         <name>.const</name>
         <load_address>0x1290</load_address>
         <run_address>0x1290</run_address>
         <size>0x28</size>
         <input_file_ref idref="fl-13b"/>
      </object_component>
      <object_component id="oc-115">
         <name>.const</name>
         <load_address>0x12b8</load_address>
         <run_address>0x12b8</run_address>
         <size>0x8</size>
         <input_file_ref idref="fl-14c"/>
      </object_component>
      <object_component id="oc-1fa">
         <name>.cinit..data.load</name>
         <load_address>0x12c0</load_address>
         <run_address>0x12c0</run_address>
         <size>0x38</size>
      </object_component>
      <object_component id="oc-1f8">
         <name>__TI_handler_table</name>
         <load_address>0x12f8</load_address>
         <run_address>0x12f8</run_address>
         <size>0x8</size>
      </object_component>
      <object_component id="oc-1f9">
         <name>__TI_cinit_table</name>
         <load_address>0x1300</load_address>
         <run_address>0x1300</run_address>
         <size>0x8</size>
      </object_component>
      <object_component id="oc-44">
         <name>.data</name>
         <load_address>0x20000134</load_address>
         <run_address>0x20000134</run_address>
         <size>0x4</size>
         <input_file_ref idref="fl-139"/>
      </object_component>
      <object_component id="oc-82">
         <name>.data</name>
         <load_address>0x20000118</load_address>
         <run_address>0x20000118</run_address>
         <size>0x8</size>
         <input_file_ref idref="fl-13d"/>
      </object_component>
      <object_component id="oc-84">
         <name>.data</name>
         <load_address>0x20000120</load_address>
         <run_address>0x20000120</run_address>
         <size>0x8</size>
         <input_file_ref idref="fl-136"/>
      </object_component>
      <object_component id="oc-175">
         <name>.data</name>
         <load_address>0x200000b0</load_address>
         <run_address>0x200000b0</run_address>
         <size>0x68</size>
         <input_file_ref idref="fl-13c"/>
      </object_component>
      <object_component id="oc-182">
         <name>.data</name>
         <load_address>0x20000130</load_address>
         <run_address>0x20000130</run_address>
         <size>0x4</size>
         <input_file_ref idref="fl-148"/>
      </object_component>
      <object_component id="oc-1a0">
         <name>.data</name>
         <load_address>0x20000128</load_address>
         <run_address>0x20000128</run_address>
         <size>0x8</size>
         <input_file_ref idref="fl-149"/>
      </object_component>
      <object_component id="oc-1c9">
         <name>.data:sigtable</name>
         <load_address>0x20000000</load_address>
         <run_address>0x20000000</run_address>
         <size>0xb0</size>
         <input_file_ref idref="fl-14b"/>
      </object_component>
      <object_component id="oc-20">
         <name>.stack</name>
         <uninitialized>true</uninitialized>
         <run_address>0x20000138</run_address>
         <size>0x0</size>
         <input_file_ref idref="fl-132"/>
      </object_component>
      <object_component id="oc-1fb">
         <name>.stack</name>
         <uninitialized>true</uninitialized>
         <run_address>0x20000138</run_address>
         <size>0x0</size>
      </object_component>
      <object_component id="oc-f">
         <name>.debug_info</name>
         <load_address>0x0</load_address>
         <run_address>0x0</run_address>
         <size>0xd5</size>
         <input_file_ref idref="fl-4"/>
      </object_component>
      <object_component id="oc-11">
         <name>.debug_info</name>
         <load_address>0xd5</load_address>
         <run_address>0xd5</run_address>
         <size>0xf4</size>
         <input_file_ref idref="fl-132"/>
      </object_component>
      <object_component id="oc-15">
         <name>.debug_info</name>
         <load_address>0x1c9</load_address>
         <run_address>0x1c9</run_address>
         <size>0x159</size>
         <input_file_ref idref="fl-133"/>
      </object_component>
      <object_component id="oc-1d">
         <name>.debug_info</name>
         <load_address>0x322</load_address>
         <run_address>0x322</run_address>
         <size>0x16a</size>
         <input_file_ref idref="fl-134"/>
      </object_component>
      <object_component id="oc-22">
         <name>.debug_info</name>
         <load_address>0x48c</load_address>
         <run_address>0x48c</run_address>
         <size>0x105</size>
         <input_file_ref idref="fl-4"/>
      </object_component>
      <object_component id="oc-27">
         <name>.debug_info</name>
         <load_address>0x591</load_address>
         <run_address>0x591</run_address>
         <size>0x15f</size>
         <input_file_ref idref="fl-4"/>
      </object_component>
      <object_component id="oc-2c">
         <name>.debug_info</name>
         <load_address>0x6f0</load_address>
         <run_address>0x6f0</run_address>
         <size>0x167</size>
         <input_file_ref idref="fl-4"/>
      </object_component>
      <object_component id="oc-31">
         <name>.debug_info</name>
         <load_address>0x857</load_address>
         <run_address>0x857</run_address>
         <size>0x17c</size>
         <input_file_ref idref="fl-4"/>
      </object_component>
      <object_component id="oc-37">
         <name>.debug_info</name>
         <load_address>0x9d3</load_address>
         <run_address>0x9d3</run_address>
         <size>0xf0</size>
         <input_file_ref idref="fl-4"/>
      </object_component>
      <object_component id="oc-39">
         <name>.debug_info</name>
         <load_address>0xac3</load_address>
         <run_address>0xac3</run_address>
         <size>0x13f</size>
         <input_file_ref idref="fl-13f"/>
      </object_component>
      <object_component id="oc-3d">
         <name>.debug_info</name>
         <load_address>0xc02</load_address>
         <run_address>0xc02</run_address>
         <size>0xfe</size>
         <input_file_ref idref="fl-13e"/>
      </object_component>
      <object_component id="oc-41">
         <name>.debug_info</name>
         <load_address>0xd00</load_address>
         <run_address>0xd00</run_address>
         <size>0x205</size>
         <input_file_ref idref="fl-136"/>
      </object_component>
      <object_component id="oc-45">
         <name>.debug_info</name>
         <load_address>0xf05</load_address>
         <run_address>0xf05</run_address>
         <size>0xbe</size>
         <input_file_ref idref="fl-139"/>
      </object_component>
      <object_component id="oc-48">
         <name>.debug_info</name>
         <load_address>0xfc3</load_address>
         <run_address>0xfc3</run_address>
         <size>0xcd</size>
         <input_file_ref idref="fl-137"/>
      </object_component>
      <object_component id="oc-4c">
         <name>.debug_info</name>
         <load_address>0x1090</load_address>
         <run_address>0x1090</run_address>
         <size>0x46</size>
         <input_file_ref idref="fl-133"/>
      </object_component>
      <object_component id="oc-58">
         <name>.debug_info</name>
         <load_address>0x10d6</load_address>
         <run_address>0x10d6</run_address>
         <size>0x318</size>
         <input_file_ref idref="fl-134"/>
      </object_component>
      <object_component id="oc-5c">
         <name>.debug_info</name>
         <load_address>0x13ee</load_address>
         <run_address>0x13ee</run_address>
         <size>0xb2</size>
         <input_file_ref idref="fl-134"/>
      </object_component>
      <object_component id="oc-5d">
         <name>.debug_info</name>
         <load_address>0x14a0</load_address>
         <run_address>0x14a0</run_address>
         <size>0x39</size>
         <input_file_ref idref="fl-134"/>
      </object_component>
      <object_component id="oc-68">
         <name>.debug_info</name>
         <load_address>0x14d9</load_address>
         <run_address>0x14d9</run_address>
         <size>0x89</size>
         <input_file_ref idref="fl-4"/>
      </object_component>
      <object_component id="oc-6d">
         <name>.debug_info</name>
         <load_address>0x1562</load_address>
         <run_address>0x1562</run_address>
         <size>0x18b</size>
         <input_file_ref idref="fl-2"/>
      </object_component>
      <object_component id="oc-73">
         <name>.debug_info</name>
         <load_address>0x16ed</load_address>
         <run_address>0x16ed</run_address>
         <size>0x191</size>
         <input_file_ref idref="fl-140"/>
      </object_component>
      <object_component id="oc-78">
         <name>.debug_info</name>
         <load_address>0x187e</load_address>
         <run_address>0x187e</run_address>
         <size>0x382</size>
         <input_file_ref idref="fl-3"/>
      </object_component>
      <object_component id="oc-7d">
         <name>.debug_info</name>
         <load_address>0x1c00</load_address>
         <run_address>0x1c00</run_address>
         <size>0x90</size>
         <input_file_ref idref="fl-138"/>
      </object_component>
      <object_component id="oc-83">
         <name>.debug_info</name>
         <load_address>0x1c90</load_address>
         <run_address>0x1c90</run_address>
         <size>0xc8</size>
         <input_file_ref idref="fl-13d"/>
      </object_component>
      <object_component id="oc-85">
         <name>.debug_info</name>
         <load_address>0x1d58</load_address>
         <run_address>0x1d58</run_address>
         <size>0xdb</size>
         <input_file_ref idref="fl-136"/>
      </object_component>
      <object_component id="oc-87">
         <name>.debug_info</name>
         <load_address>0x1e33</load_address>
         <run_address>0x1e33</run_address>
         <size>0x89</size>
         <input_file_ref idref="fl-133"/>
      </object_component>
      <object_component id="oc-8e">
         <name>.debug_info</name>
         <load_address>0x1ebc</load_address>
         <run_address>0x1ebc</run_address>
         <size>0x83</size>
         <input_file_ref idref="fl-139"/>
      </object_component>
      <object_component id="oc-94">
         <name>.debug_info</name>
         <load_address>0x1f3f</load_address>
         <run_address>0x1f3f</run_address>
         <size>0x46</size>
         <input_file_ref idref="fl-133"/>
      </object_component>
      <object_component id="oc-99">
         <name>.debug_info</name>
         <load_address>0x1f85</load_address>
         <run_address>0x1f85</run_address>
         <size>0xe8</size>
         <input_file_ref idref="fl-133"/>
      </object_component>
      <object_component id="oc-9a">
         <name>.debug_info</name>
         <load_address>0x206d</load_address>
         <run_address>0x206d</run_address>
         <size>0x2c</size>
         <input_file_ref idref="fl-134"/>
      </object_component>
      <object_component id="oc-a1">
         <name>.debug_info</name>
         <load_address>0x2099</load_address>
         <run_address>0x2099</run_address>
         <size>0x84</size>
         <input_file_ref idref="fl-134"/>
      </object_component>
      <object_component id="oc-a8">
         <name>.debug_info</name>
         <load_address>0x211d</load_address>
         <run_address>0x211d</run_address>
         <size>0x90</size>
         <input_file_ref idref="fl-2"/>
      </object_component>
      <object_component id="oc-ae">
         <name>.debug_info</name>
         <load_address>0x21ad</load_address>
         <run_address>0x21ad</run_address>
         <size>0x143</size>
         <input_file_ref idref="fl-140"/>
      </object_component>
      <object_component id="oc-b0">
         <name>.debug_info</name>
         <load_address>0x22f0</load_address>
         <run_address>0x22f0</run_address>
         <size>0x4c5</size>
         <input_file_ref idref="fl-14c"/>
      </object_component>
      <object_component id="oc-b5">
         <name>.debug_info</name>
         <load_address>0x27b5</load_address>
         <run_address>0x27b5</run_address>
         <size>0x1e1</size>
         <input_file_ref idref="fl-14c"/>
      </object_component>
      <object_component id="oc-ba">
         <name>.debug_info</name>
         <load_address>0x2996</load_address>
         <run_address>0x2996</run_address>
         <size>0x1eb</size>
         <input_file_ref idref="fl-14f"/>
      </object_component>
      <object_component id="oc-bf">
         <name>.debug_info</name>
         <load_address>0x2b81</load_address>
         <run_address>0x2b81</run_address>
         <size>0x207</size>
         <input_file_ref idref="fl-14f"/>
      </object_component>
      <object_component id="oc-c4">
         <name>.debug_info</name>
         <load_address>0x2d88</load_address>
         <run_address>0x2d88</run_address>
         <size>0x1e4</size>
         <input_file_ref idref="fl-14d"/>
      </object_component>
      <object_component id="oc-c9">
         <name>.debug_info</name>
         <load_address>0x2f6c</load_address>
         <run_address>0x2f6c</run_address>
         <size>0x1e4</size>
         <input_file_ref idref="fl-14f"/>
      </object_component>
      <object_component id="oc-ce">
         <name>.debug_info</name>
         <load_address>0x3150</load_address>
         <run_address>0x3150</run_address>
         <size>0x1dd</size>
         <input_file_ref idref="fl-14f"/>
      </object_component>
      <object_component id="oc-d3">
         <name>.debug_info</name>
         <load_address>0x332d</load_address>
         <run_address>0x332d</run_address>
         <size>0x217</size>
         <input_file_ref idref="fl-14d"/>
      </object_component>
      <object_component id="oc-d8">
         <name>.debug_info</name>
         <load_address>0x3544</load_address>
         <run_address>0x3544</run_address>
         <size>0x21a</size>
         <input_file_ref idref="fl-14d"/>
      </object_component>
      <object_component id="oc-dd">
         <name>.debug_info</name>
         <load_address>0x375e</load_address>
         <run_address>0x375e</run_address>
         <size>0x25a</size>
         <input_file_ref idref="fl-14d"/>
      </object_component>
      <object_component id="oc-e2">
         <name>.debug_info</name>
         <load_address>0x39b8</load_address>
         <run_address>0x39b8</run_address>
         <size>0x228</size>
         <input_file_ref idref="fl-14d"/>
      </object_component>
      <object_component id="oc-e7">
         <name>.debug_info</name>
         <load_address>0x3be0</load_address>
         <run_address>0x3be0</run_address>
         <size>0x1da</size>
         <input_file_ref idref="fl-14d"/>
      </object_component>
      <object_component id="oc-ec">
         <name>.debug_info</name>
         <load_address>0x3dba</load_address>
         <run_address>0x3dba</run_address>
         <size>0xf2</size>
         <input_file_ref idref="fl-138"/>
      </object_component>
      <object_component id="oc-f1">
         <name>.debug_info</name>
         <load_address>0x3eac</load_address>
         <run_address>0x3eac</run_address>
         <size>0x3a9</size>
         <input_file_ref idref="fl-3"/>
      </object_component>
      <object_component id="oc-f3">
         <name>.debug_info</name>
         <load_address>0x4255</load_address>
         <run_address>0x4255</run_address>
         <size>0x1ba</size>
         <input_file_ref idref="fl-13d"/>
      </object_component>
      <object_component id="oc-f8">
         <name>.debug_info</name>
         <load_address>0x440f</load_address>
         <run_address>0x440f</run_address>
         <size>0xd4</size>
         <input_file_ref idref="fl-13d"/>
      </object_component>
      <object_component id="oc-fb">
         <name>.debug_info</name>
         <load_address>0x44e3</load_address>
         <run_address>0x44e3</run_address>
         <size>0x131</size>
         <input_file_ref idref="fl-136"/>
      </object_component>
      <object_component id="oc-102">
         <name>.debug_info</name>
         <load_address>0x4614</load_address>
         <run_address>0x4614</run_address>
         <size>0xcd</size>
         <input_file_ref idref="fl-140"/>
      </object_component>
      <object_component id="oc-108">
         <name>.debug_info</name>
         <load_address>0x46e1</load_address>
         <run_address>0x46e1</run_address>
         <size>0x264</size>
         <input_file_ref idref="fl-14c"/>
      </object_component>
      <object_component id="oc-10d">
         <name>.debug_info</name>
         <load_address>0x4945</load_address>
         <run_address>0x4945</run_address>
         <size>0x21e</size>
         <input_file_ref idref="fl-14c"/>
      </object_component>
      <object_component id="oc-112">
         <name>.debug_info</name>
         <load_address>0x4b63</load_address>
         <run_address>0x4b63</run_address>
         <size>0xff</size>
         <input_file_ref idref="fl-14c"/>
      </object_component>
      <object_component id="oc-114">
         <name>.debug_info</name>
         <load_address>0x4c62</load_address>
         <run_address>0x4c62</run_address>
         <size>0x10b</size>
         <input_file_ref idref="fl-14c"/>
      </object_component>
      <object_component id="oc-116">
         <name>.debug_info</name>
         <load_address>0x4d6d</load_address>
         <run_address>0x4d6d</run_address>
         <size>0x112</size>
         <input_file_ref idref="fl-14c"/>
      </object_component>
      <object_component id="oc-118">
         <name>.debug_info</name>
         <load_address>0x4e7f</load_address>
         <run_address>0x4e7f</run_address>
         <size>0x18b</size>
         <input_file_ref idref="fl-14c"/>
      </object_component>
      <object_component id="oc-11d">
         <name>.debug_info</name>
         <load_address>0x500a</load_address>
         <run_address>0x500a</run_address>
         <size>0x90</size>
         <input_file_ref idref="fl-14c"/>
      </object_component>
      <object_component id="oc-122">
         <name>.debug_info</name>
         <load_address>0x509a</load_address>
         <run_address>0x509a</run_address>
         <size>0x226</size>
         <input_file_ref idref="fl-14c"/>
      </object_component>
      <object_component id="oc-125">
         <name>.debug_info</name>
         <load_address>0x52c0</load_address>
         <run_address>0x52c0</run_address>
         <size>0x312</size>
         <input_file_ref idref="fl-14f"/>
      </object_component>
      <object_component id="oc-12a">
         <name>.debug_info</name>
         <load_address>0x55d2</load_address>
         <run_address>0x55d2</run_address>
         <size>0x217</size>
         <input_file_ref idref="fl-14f"/>
      </object_component>
      <object_component id="oc-130">
         <name>.debug_info</name>
         <load_address>0x57e9</load_address>
         <run_address>0x57e9</run_address>
         <size>0x1d7</size>
         <input_file_ref idref="fl-14f"/>
      </object_component>
      <object_component id="oc-132">
         <name>.debug_info</name>
         <load_address>0x59c0</load_address>
         <run_address>0x59c0</run_address>
         <size>0x194</size>
         <input_file_ref idref="fl-14d"/>
      </object_component>
      <object_component id="oc-134">
         <name>.debug_info</name>
         <load_address>0x5b54</load_address>
         <run_address>0x5b54</run_address>
         <size>0x10d</size>
         <input_file_ref idref="fl-14f"/>
      </object_component>
      <object_component id="oc-13d">
         <name>.debug_info</name>
         <load_address>0x5c61</load_address>
         <run_address>0x5c61</run_address>
         <size>0x174</size>
         <input_file_ref idref="fl-13b"/>
      </object_component>
      <object_component id="oc-149">
         <name>.debug_info</name>
         <load_address>0x5dd5</load_address>
         <run_address>0x5dd5</run_address>
         <size>0x105</size>
         <input_file_ref idref="fl-14c"/>
      </object_component>
      <object_component id="oc-154">
         <name>.debug_info</name>
         <load_address>0x5eda</load_address>
         <run_address>0x5eda</run_address>
         <size>0x5f</size>
         <input_file_ref idref="fl-14c"/>
      </object_component>
      <object_component id="oc-162">
         <name>.debug_info</name>
         <load_address>0x5f39</load_address>
         <run_address>0x5f39</run_address>
         <size>0x10b</size>
         <input_file_ref idref="fl-146"/>
      </object_component>
      <object_component id="oc-166">
         <name>.debug_info</name>
         <load_address>0x6044</load_address>
         <run_address>0x6044</run_address>
         <size>0x116</size>
         <input_file_ref idref="fl-147"/>
      </object_component>
      <object_component id="oc-16a">
         <name>.debug_info</name>
         <load_address>0x615a</load_address>
         <run_address>0x615a</run_address>
         <size>0xe0</size>
         <input_file_ref idref="fl-143"/>
      </object_component>
      <object_component id="oc-16e">
         <name>.debug_info</name>
         <load_address>0x623a</load_address>
         <run_address>0x623a</run_address>
         <size>0xdc</size>
         <input_file_ref idref="fl-141"/>
      </object_component>
      <object_component id="oc-172">
         <name>.debug_info</name>
         <load_address>0x6316</load_address>
         <run_address>0x6316</run_address>
         <size>0x230</size>
         <input_file_ref idref="fl-142"/>
      </object_component>
      <object_component id="oc-176">
         <name>.debug_info</name>
         <load_address>0x6546</load_address>
         <run_address>0x6546</run_address>
         <size>0x179</size>
         <input_file_ref idref="fl-13c"/>
      </object_component>
      <object_component id="oc-178">
         <name>.debug_info</name>
         <load_address>0x66bf</load_address>
         <run_address>0x66bf</run_address>
         <size>0x112</size>
         <input_file_ref idref="fl-13b"/>
      </object_component>
      <object_component id="oc-17d">
         <name>.debug_info</name>
         <load_address>0x67d1</load_address>
         <run_address>0x67d1</run_address>
         <size>0xaa</size>
         <input_file_ref idref="fl-146"/>
      </object_component>
      <object_component id="oc-17f">
         <name>.debug_info</name>
         <load_address>0x687b</load_address>
         <run_address>0x687b</run_address>
         <size>0x132</size>
         <input_file_ref idref="fl-149"/>
      </object_component>
      <object_component id="oc-183">
         <name>.debug_info</name>
         <load_address>0x69ad</load_address>
         <run_address>0x69ad</run_address>
         <size>0xab</size>
         <input_file_ref idref="fl-148"/>
      </object_component>
      <object_component id="oc-188">
         <name>.debug_info</name>
         <load_address>0x6a58</load_address>
         <run_address>0x6a58</run_address>
         <size>0x19d</size>
         <input_file_ref idref="fl-144"/>
      </object_component>
      <object_component id="oc-18c">
         <name>.debug_info</name>
         <load_address>0x6bf5</load_address>
         <run_address>0x6bf5</run_address>
         <size>0x129</size>
         <input_file_ref idref="fl-145"/>
      </object_component>
      <object_component id="oc-192">
         <name>.debug_info</name>
         <load_address>0x6d1e</load_address>
         <run_address>0x6d1e</run_address>
         <size>0x86</size>
         <input_file_ref idref="fl-138"/>
      </object_component>
      <object_component id="oc-199">
         <name>.debug_info</name>
         <load_address>0x6da4</load_address>
         <run_address>0x6da4</run_address>
         <size>0x181</size>
         <input_file_ref idref="fl-13b"/>
      </object_component>
      <object_component id="oc-19d">
         <name>.debug_info</name>
         <load_address>0x6f25</load_address>
         <run_address>0x6f25</run_address>
         <size>0x112</size>
         <input_file_ref idref="fl-14a"/>
      </object_component>
      <object_component id="oc-1a1">
         <name>.debug_info</name>
         <load_address>0x7037</load_address>
         <run_address>0x7037</run_address>
         <size>0xe2</size>
         <input_file_ref idref="fl-149"/>
      </object_component>
      <object_component id="oc-1a6">
         <name>.debug_info</name>
         <load_address>0x7119</load_address>
         <run_address>0x7119</run_address>
         <size>0xaa</size>
         <input_file_ref idref="fl-144"/>
      </object_component>
      <object_component id="oc-1a8">
         <name>.debug_info</name>
         <load_address>0x71c3</load_address>
         <run_address>0x71c3</run_address>
         <size>0xeb</size>
         <input_file_ref idref="fl-145"/>
      </object_component>
      <object_component id="oc-1a9">
         <name>.debug_info</name>
         <load_address>0x72ae</load_address>
         <run_address>0x72ae</run_address>
         <size>0xc6</size>
         <input_file_ref idref="fl-138"/>
      </object_component>
      <object_component id="oc-1ac">
         <name>.debug_info</name>
         <load_address>0x7374</load_address>
         <run_address>0x7374</run_address>
         <size>0x86</size>
         <input_file_ref idref="fl-13b"/>
      </object_component>
      <object_component id="oc-1b2">
         <name>.debug_info</name>
         <load_address>0x73fa</load_address>
         <run_address>0x73fa</run_address>
         <size>0x119</size>
         <input_file_ref idref="fl-14b"/>
      </object_component>
      <object_component id="oc-1b8">
         <name>.debug_info</name>
         <load_address>0x7513</load_address>
         <run_address>0x7513</run_address>
         <size>0x6f</size>
         <input_file_ref idref="fl-147"/>
      </object_component>
      <object_component id="oc-1bd">
         <name>.debug_info</name>
         <load_address>0x7582</load_address>
         <run_address>0x7582</run_address>
         <size>0x144</size>
         <input_file_ref idref="fl-149"/>
      </object_component>
      <object_component id="oc-1c2">
         <name>.debug_info</name>
         <load_address>0x76c6</load_address>
         <run_address>0x76c6</run_address>
         <size>0x86</size>
         <input_file_ref idref="fl-142"/>
      </object_component>
      <object_component id="oc-1ca">
         <name>.debug_info</name>
         <load_address>0x774c</load_address>
         <run_address>0x774c</run_address>
         <size>0xaf</size>
         <input_file_ref idref="fl-14b"/>
      </object_component>
      <object_component id="oc-1cc">
         <name>.debug_info</name>
         <load_address>0x77fb</load_address>
         <run_address>0x77fb</run_address>
         <size>0xed</size>
         <input_file_ref idref="fl-14b"/>
      </object_component>
      <object_component id="oc-1cf">
         <name>.debug_info</name>
         <load_address>0x78e8</load_address>
         <run_address>0x78e8</run_address>
         <size>0x176</size>
         <input_file_ref idref="fl-142"/>
      </object_component>
      <object_component id="oc-1d4">
         <name>.debug_info</name>
         <load_address>0x7a5e</load_address>
         <run_address>0x7a5e</run_address>
         <size>0x39</size>
         <input_file_ref idref="fl-14a"/>
      </object_component>
      <object_component id="oc-1db">
         <name>.debug_info</name>
         <load_address>0x7a97</load_address>
         <run_address>0x7a97</run_address>
         <size>0xd3</size>
         <input_file_ref idref="fl-14a"/>
      </object_component>
      <object_component id="oc-1fc">
         <name>.debug_info</name>
         <load_address>0x7b6a</load_address>
         <run_address>0x7b6a</run_address>
         <size>0x9c</size>
      </object_component>
      <object_component id="oc-12">
         <name>.debug_line</name>
         <load_address>0x0</load_address>
         <run_address>0x0</run_address>
         <size>0x4f</size>
         <input_file_ref idref="fl-132"/>
      </object_component>
      <object_component id="oc-16">
         <name>.debug_line</name>
         <load_address>0x4f</load_address>
         <run_address>0x4f</run_address>
         <size>0x4d</size>
         <input_file_ref idref="fl-133"/>
      </object_component>
      <object_component id="oc-1e">
         <name>.debug_line</name>
         <load_address>0x9c</load_address>
         <run_address>0x9c</run_address>
         <size>0x4c</size>
         <input_file_ref idref="fl-134"/>
      </object_component>
      <object_component id="oc-23">
         <name>.debug_line</name>
         <load_address>0xe8</load_address>
         <run_address>0xe8</run_address>
         <size>0x46</size>
         <input_file_ref idref="fl-4"/>
      </object_component>
      <object_component id="oc-28">
         <name>.debug_line</name>
         <load_address>0x12e</load_address>
         <run_address>0x12e</run_address>
         <size>0x49</size>
         <input_file_ref idref="fl-4"/>
      </object_component>
      <object_component id="oc-2d">
         <name>.debug_line</name>
         <load_address>0x177</load_address>
         <run_address>0x177</run_address>
         <size>0x49</size>
         <input_file_ref idref="fl-4"/>
      </object_component>
      <object_component id="oc-32">
         <name>.debug_line</name>
         <load_address>0x1c0</load_address>
         <run_address>0x1c0</run_address>
         <size>0x49</size>
         <input_file_ref idref="fl-4"/>
      </object_component>
      <object_component id="oc-36">
         <name>.debug_line</name>
         <load_address>0x209</load_address>
         <run_address>0x209</run_address>
         <size>0x34</size>
         <input_file_ref idref="fl-4"/>
      </object_component>
      <object_component id="oc-3a">
         <name>.debug_line</name>
         <load_address>0x23d</load_address>
         <run_address>0x23d</run_address>
         <size>0x87</size>
         <input_file_ref idref="fl-13f"/>
      </object_component>
      <object_component id="oc-3e">
         <name>.debug_line</name>
         <load_address>0x2c4</load_address>
         <run_address>0x2c4</run_address>
         <size>0x42</size>
         <input_file_ref idref="fl-13e"/>
      </object_component>
      <object_component id="oc-42">
         <name>.debug_line</name>
         <load_address>0x306</load_address>
         <run_address>0x306</run_address>
         <size>0x71</size>
         <input_file_ref idref="fl-136"/>
      </object_component>
      <object_component id="oc-49">
         <name>.debug_line</name>
         <load_address>0x377</load_address>
         <run_address>0x377</run_address>
         <size>0x88</size>
         <input_file_ref idref="fl-137"/>
      </object_component>
      <object_component id="oc-4e">
         <name>.debug_line</name>
         <load_address>0x3ff</load_address>
         <run_address>0x3ff</run_address>
         <size>0x3a</size>
         <input_file_ref idref="fl-133"/>
      </object_component>
      <object_component id="oc-59">
         <name>.debug_line</name>
         <load_address>0x439</load_address>
         <run_address>0x439</run_address>
         <size>0x58</size>
         <input_file_ref idref="fl-134"/>
      </object_component>
      <object_component id="oc-5f">
         <name>.debug_line</name>
         <load_address>0x491</load_address>
         <run_address>0x491</run_address>
         <size>0x39</size>
         <input_file_ref idref="fl-134"/>
      </object_component>
      <object_component id="oc-67">
         <name>.debug_line</name>
         <load_address>0x4ca</load_address>
         <run_address>0x4ca</run_address>
         <size>0x34</size>
         <input_file_ref idref="fl-4"/>
      </object_component>
      <object_component id="oc-6a">
         <name>.debug_line</name>
         <load_address>0x4fe</load_address>
         <run_address>0x4fe</run_address>
         <size>0x20</size>
         <input_file_ref idref="fl-4"/>
      </object_component>
      <object_component id="oc-6f">
         <name>.debug_line</name>
         <load_address>0x51e</load_address>
         <run_address>0x51e</run_address>
         <size>0x59</size>
         <input_file_ref idref="fl-2"/>
      </object_component>
      <object_component id="oc-74">
         <name>.debug_line</name>
         <load_address>0x577</load_address>
         <run_address>0x577</run_address>
         <size>0x43</size>
         <input_file_ref idref="fl-140"/>
      </object_component>
      <object_component id="oc-79">
         <name>.debug_line</name>
         <load_address>0x5ba</load_address>
         <run_address>0x5ba</run_address>
         <size>0x7d</size>
         <input_file_ref idref="fl-3"/>
      </object_component>
      <object_component id="oc-7f">
         <name>.debug_line</name>
         <load_address>0x637</load_address>
         <run_address>0x637</run_address>
         <size>0x20</size>
         <input_file_ref idref="fl-138"/>
      </object_component>
      <object_component id="oc-89">
         <name>.debug_line</name>
         <load_address>0x657</load_address>
         <run_address>0x657</run_address>
         <size>0x20</size>
         <input_file_ref idref="fl-133"/>
      </object_component>
      <object_component id="oc-8d">
         <name>.debug_line</name>
         <load_address>0x677</load_address>
         <run_address>0x677</run_address>
         <size>0x33</size>
         <input_file_ref idref="fl-139"/>
      </object_component>
      <object_component id="oc-90">
         <name>.debug_line</name>
         <load_address>0x6aa</load_address>
         <run_address>0x6aa</run_address>
         <size>0x20</size>
         <input_file_ref idref="fl-139"/>
      </object_component>
      <object_component id="oc-96">
         <name>.debug_line</name>
         <load_address>0x6ca</load_address>
         <run_address>0x6ca</run_address>
         <size>0x44</size>
         <input_file_ref idref="fl-133"/>
      </object_component>
      <object_component id="oc-9c">
         <name>.debug_line</name>
         <load_address>0x70e</load_address>
         <run_address>0x70e</run_address>
         <size>0x44</size>
         <input_file_ref idref="fl-134"/>
      </object_component>
      <object_component id="oc-a3">
         <name>.debug_line</name>
         <load_address>0x752</load_address>
         <run_address>0x752</run_address>
         <size>0x20</size>
         <input_file_ref idref="fl-134"/>
      </object_component>
      <object_component id="oc-a7">
         <name>.debug_line</name>
         <load_address>0x772</load_address>
         <run_address>0x772</run_address>
         <size>0x20</size>
         <input_file_ref idref="fl-134"/>
      </object_component>
      <object_component id="oc-aa">
         <name>.debug_line</name>
         <load_address>0x792</load_address>
         <run_address>0x792</run_address>
         <size>0x20</size>
         <input_file_ref idref="fl-2"/>
      </object_component>
      <object_component id="oc-b1">
         <name>.debug_line</name>
         <load_address>0x7b2</load_address>
         <run_address>0x7b2</run_address>
         <size>0x155</size>
         <input_file_ref idref="fl-14c"/>
      </object_component>
      <object_component id="oc-b6">
         <name>.debug_line</name>
         <load_address>0x907</load_address>
         <run_address>0x907</run_address>
         <size>0x6d</size>
         <input_file_ref idref="fl-14c"/>
      </object_component>
      <object_component id="oc-bb">
         <name>.debug_line</name>
         <load_address>0x974</load_address>
         <run_address>0x974</run_address>
         <size>0x72</size>
         <input_file_ref idref="fl-14f"/>
      </object_component>
      <object_component id="oc-c0">
         <name>.debug_line</name>
         <load_address>0x9e6</load_address>
         <run_address>0x9e6</run_address>
         <size>0x6b</size>
         <input_file_ref idref="fl-14f"/>
      </object_component>
      <object_component id="oc-c5">
         <name>.debug_line</name>
         <load_address>0xa51</load_address>
         <run_address>0xa51</run_address>
         <size>0x6a</size>
         <input_file_ref idref="fl-14d"/>
      </object_component>
      <object_component id="oc-ca">
         <name>.debug_line</name>
         <load_address>0xabb</load_address>
         <run_address>0xabb</run_address>
         <size>0x80</size>
         <input_file_ref idref="fl-14f"/>
      </object_component>
      <object_component id="oc-cf">
         <name>.debug_line</name>
         <load_address>0xb3b</load_address>
         <run_address>0xb3b</run_address>
         <size>0x6c</size>
         <input_file_ref idref="fl-14f"/>
      </object_component>
      <object_component id="oc-d4">
         <name>.debug_line</name>
         <load_address>0xba7</load_address>
         <run_address>0xba7</run_address>
         <size>0x74</size>
         <input_file_ref idref="fl-14d"/>
      </object_component>
      <object_component id="oc-d9">
         <name>.debug_line</name>
         <load_address>0xc1b</load_address>
         <run_address>0xc1b</run_address>
         <size>0x6f</size>
         <input_file_ref idref="fl-14d"/>
      </object_component>
      <object_component id="oc-de">
         <name>.debug_line</name>
         <load_address>0xc8a</load_address>
         <run_address>0xc8a</run_address>
         <size>0x77</size>
         <input_file_ref idref="fl-14d"/>
      </object_component>
      <object_component id="oc-e3">
         <name>.debug_line</name>
         <load_address>0xd01</load_address>
         <run_address>0xd01</run_address>
         <size>0x6e</size>
         <input_file_ref idref="fl-14d"/>
      </object_component>
      <object_component id="oc-e8">
         <name>.debug_line</name>
         <load_address>0xd6f</load_address>
         <run_address>0xd6f</run_address>
         <size>0x6a</size>
         <input_file_ref idref="fl-14d"/>
      </object_component>
      <object_component id="oc-ed">
         <name>.debug_line</name>
         <load_address>0xdd9</load_address>
         <run_address>0xdd9</run_address>
         <size>0x3b</size>
         <input_file_ref idref="fl-138"/>
      </object_component>
      <object_component id="oc-f4">
         <name>.debug_line</name>
         <load_address>0xe14</load_address>
         <run_address>0xe14</run_address>
         <size>0x60</size>
         <input_file_ref idref="fl-13d"/>
      </object_component>
      <object_component id="oc-f7">
         <name>.debug_line</name>
         <load_address>0xe74</load_address>
         <run_address>0xe74</run_address>
         <size>0x2b</size>
         <input_file_ref idref="fl-13d"/>
      </object_component>
      <object_component id="oc-fa">
         <name>.debug_line</name>
         <load_address>0xe9f</load_address>
         <run_address>0xe9f</run_address>
         <size>0x2a</size>
         <input_file_ref idref="fl-136"/>
      </object_component>
      <object_component id="oc-fd">
         <name>.debug_line</name>
         <load_address>0xec9</load_address>
         <run_address>0xec9</run_address>
         <size>0x20</size>
         <input_file_ref idref="fl-133"/>
      </object_component>
      <object_component id="oc-101">
         <name>.debug_line</name>
         <load_address>0xee9</load_address>
         <run_address>0xee9</run_address>
         <size>0x51</size>
         <input_file_ref idref="fl-140"/>
      </object_component>
      <object_component id="oc-104">
         <name>.debug_line</name>
         <load_address>0xf3a</load_address>
         <run_address>0xf3a</run_address>
         <size>0x45</size>
         <input_file_ref idref="fl-140"/>
      </object_component>
      <object_component id="oc-109">
         <name>.debug_line</name>
         <load_address>0xf7f</load_address>
         <run_address>0xf7f</run_address>
         <size>0x78</size>
         <input_file_ref idref="fl-14c"/>
      </object_component>
      <object_component id="oc-10e">
         <name>.debug_line</name>
         <load_address>0xff7</load_address>
         <run_address>0xff7</run_address>
         <size>0x79</size>
         <input_file_ref idref="fl-14c"/>
      </object_component>
      <object_component id="oc-11a">
         <name>.debug_line</name>
         <load_address>0x1070</load_address>
         <run_address>0x1070</run_address>
         <size>0x5e</size>
         <input_file_ref idref="fl-14c"/>
      </object_component>
      <object_component id="oc-11f">
         <name>.debug_line</name>
         <load_address>0x10ce</load_address>
         <run_address>0x10ce</run_address>
         <size>0x20</size>
         <input_file_ref idref="fl-14c"/>
      </object_component>
      <object_component id="oc-126">
         <name>.debug_line</name>
         <load_address>0x10ee</load_address>
         <run_address>0x10ee</run_address>
         <size>0xaf</size>
         <input_file_ref idref="fl-14f"/>
      </object_component>
      <object_component id="oc-12b">
         <name>.debug_line</name>
         <load_address>0x119d</load_address>
         <run_address>0x119d</run_address>
         <size>0x6e</size>
         <input_file_ref idref="fl-14f"/>
      </object_component>
      <object_component id="oc-13e">
         <name>.debug_line</name>
         <load_address>0x120b</load_address>
         <run_address>0x120b</run_address>
         <size>0x44</size>
         <input_file_ref idref="fl-13b"/>
      </object_component>
      <object_component id="oc-142">
         <name>.debug_line</name>
         <load_address>0x124f</load_address>
         <run_address>0x124f</run_address>
         <size>0x100</size>
         <input_file_ref idref="fl-3"/>
      </object_component>
      <object_component id="oc-145">
         <name>.debug_line</name>
         <load_address>0x134f</load_address>
         <run_address>0x134f</run_address>
         <size>0x20</size>
         <input_file_ref idref="fl-13d"/>
      </object_component>
      <object_component id="oc-147">
         <name>.debug_line</name>
         <load_address>0x136f</load_address>
         <run_address>0x136f</run_address>
         <size>0x43</size>
         <input_file_ref idref="fl-136"/>
      </object_component>
      <object_component id="oc-14d">
         <name>.debug_line</name>
         <load_address>0x13b2</load_address>
         <run_address>0x13b2</run_address>
         <size>0x58</size>
         <input_file_ref idref="fl-14c"/>
      </object_component>
      <object_component id="oc-14f">
         <name>.debug_line</name>
         <load_address>0x140a</load_address>
         <run_address>0x140a</run_address>
         <size>0x58</size>
         <input_file_ref idref="fl-14c"/>
      </object_component>
      <object_component id="oc-151">
         <name>.debug_line</name>
         <load_address>0x1462</load_address>
         <run_address>0x1462</run_address>
         <size>0x58</size>
         <input_file_ref idref="fl-14c"/>
      </object_component>
      <object_component id="oc-153">
         <name>.debug_line</name>
         <load_address>0x14ba</load_address>
         <run_address>0x14ba</run_address>
         <size>0xc8</size>
         <input_file_ref idref="fl-14c"/>
      </object_component>
      <object_component id="oc-156">
         <name>.debug_line</name>
         <load_address>0x1582</load_address>
         <run_address>0x1582</run_address>
         <size>0x58</size>
         <input_file_ref idref="fl-14c"/>
      </object_component>
      <object_component id="oc-15c">
         <name>.debug_line</name>
         <load_address>0x15da</load_address>
         <run_address>0x15da</run_address>
         <size>0x5b</size>
         <input_file_ref idref="fl-14f"/>
      </object_component>
      <object_component id="oc-15e">
         <name>.debug_line</name>
         <load_address>0x1635</load_address>
         <run_address>0x1635</run_address>
         <size>0x5b</size>
         <input_file_ref idref="fl-14d"/>
      </object_component>
      <object_component id="oc-160">
         <name>.debug_line</name>
         <load_address>0x1690</load_address>
         <run_address>0x1690</run_address>
         <size>0x56</size>
         <input_file_ref idref="fl-14f"/>
      </object_component>
      <object_component id="oc-163">
         <name>.debug_line</name>
         <load_address>0x16e6</load_address>
         <run_address>0x16e6</run_address>
         <size>0x41</size>
         <input_file_ref idref="fl-146"/>
      </object_component>
      <object_component id="oc-167">
         <name>.debug_line</name>
         <load_address>0x1727</load_address>
         <run_address>0x1727</run_address>
         <size>0x42</size>
         <input_file_ref idref="fl-147"/>
      </object_component>
      <object_component id="oc-16b">
         <name>.debug_line</name>
         <load_address>0x1769</load_address>
         <run_address>0x1769</run_address>
         <size>0x56</size>
         <input_file_ref idref="fl-143"/>
      </object_component>
      <object_component id="oc-16f">
         <name>.debug_line</name>
         <load_address>0x17bf</load_address>
         <run_address>0x17bf</run_address>
         <size>0x73</size>
         <input_file_ref idref="fl-141"/>
      </object_component>
      <object_component id="oc-173">
         <name>.debug_line</name>
         <load_address>0x1832</load_address>
         <run_address>0x1832</run_address>
         <size>0x53</size>
         <input_file_ref idref="fl-142"/>
      </object_component>
      <object_component id="oc-17b">
         <name>.debug_line</name>
         <load_address>0x1885</load_address>
         <run_address>0x1885</run_address>
         <size>0x58</size>
         <input_file_ref idref="fl-14c"/>
      </object_component>
      <object_component id="oc-180">
         <name>.debug_line</name>
         <load_address>0x18dd</load_address>
         <run_address>0x18dd</run_address>
         <size>0x45</size>
         <input_file_ref idref="fl-149"/>
      </object_component>
      <object_component id="oc-189">
         <name>.debug_line</name>
         <load_address>0x1922</load_address>
         <run_address>0x1922</run_address>
         <size>0x47</size>
         <input_file_ref idref="fl-144"/>
      </object_component>
      <object_component id="oc-18d">
         <name>.debug_line</name>
         <load_address>0x1969</load_address>
         <run_address>0x1969</run_address>
         <size>0x42</size>
         <input_file_ref idref="fl-145"/>
      </object_component>
      <object_component id="oc-191">
         <name>.debug_line</name>
         <load_address>0x19ab</load_address>
         <run_address>0x19ab</run_address>
         <size>0x2e</size>
         <input_file_ref idref="fl-13c"/>
      </object_component>
      <object_component id="oc-194">
         <name>.debug_line</name>
         <load_address>0x19d9</load_address>
         <run_address>0x19d9</run_address>
         <size>0x43</size>
         <input_file_ref idref="fl-138"/>
      </object_component>
      <object_component id="oc-198">
         <name>.debug_line</name>
         <load_address>0x1a1c</load_address>
         <run_address>0x1a1c</run_address>
         <size>0x2c</size>
         <input_file_ref idref="fl-13b"/>
      </object_component>
      <object_component id="oc-19b">
         <name>.debug_line</name>
         <load_address>0x1a48</load_address>
         <run_address>0x1a48</run_address>
         <size>0x20</size>
         <input_file_ref idref="fl-146"/>
      </object_component>
      <object_component id="oc-19e">
         <name>.debug_line</name>
         <load_address>0x1a68</load_address>
         <run_address>0x1a68</run_address>
         <size>0x41</size>
         <input_file_ref idref="fl-14a"/>
      </object_component>
      <object_component id="oc-1a4">
         <name>.debug_line</name>
         <load_address>0x1aa9</load_address>
         <run_address>0x1aa9</run_address>
         <size>0x2b</size>
         <input_file_ref idref="fl-148"/>
      </object_component>
      <object_component id="oc-1ab">
         <name>.debug_line</name>
         <load_address>0x1ad4</load_address>
         <run_address>0x1ad4</run_address>
         <size>0x70</size>
         <input_file_ref idref="fl-13b"/>
      </object_component>
      <object_component id="oc-1ae">
         <name>.debug_line</name>
         <load_address>0x1b44</load_address>
         <run_address>0x1b44</run_address>
         <size>0x43</size>
         <input_file_ref idref="fl-13b"/>
      </object_component>
      <object_component id="oc-1b3">
         <name>.debug_line</name>
         <load_address>0x1b87</load_address>
         <run_address>0x1b87</run_address>
         <size>0x40</size>
         <input_file_ref idref="fl-14b"/>
      </object_component>
      <object_component id="oc-1b7">
         <name>.debug_line</name>
         <load_address>0x1bc7</load_address>
         <run_address>0x1bc7</run_address>
         <size>0x33</size>
         <input_file_ref idref="fl-149"/>
      </object_component>
      <object_component id="oc-1ba">
         <name>.debug_line</name>
         <load_address>0x1bfa</load_address>
         <run_address>0x1bfa</run_address>
         <size>0x42</size>
         <input_file_ref idref="fl-147"/>
      </object_component>
      <object_component id="oc-1bf">
         <name>.debug_line</name>
         <load_address>0x1c3c</load_address>
         <run_address>0x1c3c</run_address>
         <size>0x20</size>
         <input_file_ref idref="fl-144"/>
      </object_component>
      <object_component id="oc-1c1">
         <name>.debug_line</name>
         <load_address>0x1c5c</load_address>
         <run_address>0x1c5c</run_address>
         <size>0x4e</size>
         <input_file_ref idref="fl-145"/>
      </object_component>
      <object_component id="oc-1c4">
         <name>.debug_line</name>
         <load_address>0x1caa</load_address>
         <run_address>0x1caa</run_address>
         <size>0x43</size>
         <input_file_ref idref="fl-142"/>
      </object_component>
      <object_component id="oc-1c8">
         <name>.debug_line</name>
         <load_address>0x1ced</load_address>
         <run_address>0x1ced</run_address>
         <size>0x43</size>
         <input_file_ref idref="fl-138"/>
      </object_component>
      <object_component id="oc-1ce">
         <name>.debug_line</name>
         <load_address>0x1d30</load_address>
         <run_address>0x1d30</run_address>
         <size>0x44</size>
         <input_file_ref idref="fl-149"/>
      </object_component>
      <object_component id="oc-1d1">
         <name>.debug_line</name>
         <load_address>0x1d74</load_address>
         <run_address>0x1d74</run_address>
         <size>0x2c</size>
         <input_file_ref idref="fl-14b"/>
      </object_component>
      <object_component id="oc-1d3">
         <name>.debug_line</name>
         <load_address>0x1da0</load_address>
         <run_address>0x1da0</run_address>
         <size>0x43</size>
         <input_file_ref idref="fl-14b"/>
      </object_component>
      <object_component id="oc-1d6">
         <name>.debug_line</name>
         <load_address>0x1de3</load_address>
         <run_address>0x1de3</run_address>
         <size>0x44</size>
         <input_file_ref idref="fl-14a"/>
      </object_component>
      <object_component id="oc-1da">
         <name>.debug_line</name>
         <load_address>0x1e27</load_address>
         <run_address>0x1e27</run_address>
         <size>0x4e</size>
         <input_file_ref idref="fl-142"/>
      </object_component>
      <object_component id="oc-1dd">
         <name>.debug_line</name>
         <load_address>0x1e75</load_address>
         <run_address>0x1e75</run_address>
         <size>0x44</size>
         <input_file_ref idref="fl-14a"/>
      </object_component>
      <object_component id="oc-13">
         <name>.debug_aranges</name>
         <load_address>0x0</load_address>
         <run_address>0x0</run_address>
         <size>0x20</size>
         <input_file_ref idref="fl-132"/>
      </object_component>
      <object_component id="oc-17">
         <name>.debug_aranges</name>
         <load_address>0x20</load_address>
         <run_address>0x20</run_address>
         <size>0x20</size>
         <input_file_ref idref="fl-133"/>
      </object_component>
      <object_component id="oc-1f">
         <name>.debug_aranges</name>
         <load_address>0x40</load_address>
         <run_address>0x40</run_address>
         <size>0x20</size>
         <input_file_ref idref="fl-134"/>
      </object_component>
      <object_component id="oc-25">
         <name>.debug_aranges</name>
         <load_address>0x60</load_address>
         <run_address>0x60</run_address>
         <size>0x20</size>
         <input_file_ref idref="fl-4"/>
      </object_component>
      <object_component id="oc-2a">
         <name>.debug_aranges</name>
         <load_address>0x80</load_address>
         <run_address>0x80</run_address>
         <size>0x20</size>
         <input_file_ref idref="fl-4"/>
      </object_component>
      <object_component id="oc-2f">
         <name>.debug_aranges</name>
         <load_address>0xa0</load_address>
         <run_address>0xa0</run_address>
         <size>0x20</size>
         <input_file_ref idref="fl-4"/>
      </object_component>
      <object_component id="oc-34">
         <name>.debug_aranges</name>
         <load_address>0xc0</load_address>
         <run_address>0xc0</run_address>
         <size>0x20</size>
         <input_file_ref idref="fl-4"/>
      </object_component>
      <object_component id="oc-3b">
         <name>.debug_aranges</name>
         <load_address>0xe0</load_address>
         <run_address>0xe0</run_address>
         <size>0x28</size>
         <input_file_ref idref="fl-13f"/>
      </object_component>
      <object_component id="oc-3f">
         <name>.debug_aranges</name>
         <load_address>0x108</load_address>
         <run_address>0x108</run_address>
         <size>0x20</size>
         <input_file_ref idref="fl-13e"/>
      </object_component>
      <object_component id="oc-43">
         <name>.debug_aranges</name>
         <load_address>0x128</load_address>
         <run_address>0x128</run_address>
         <size>0x30</size>
         <input_file_ref idref="fl-136"/>
      </object_component>
      <object_component id="oc-4a">
         <name>.debug_aranges</name>
         <load_address>0x158</load_address>
         <run_address>0x158</run_address>
         <size>0x20</size>
         <input_file_ref idref="fl-137"/>
      </object_component>
      <object_component id="oc-5a">
         <name>.debug_aranges</name>
         <load_address>0x178</load_address>
         <run_address>0x178</run_address>
         <size>0x20</size>
         <input_file_ref idref="fl-134"/>
      </object_component>
      <object_component id="oc-75">
         <name>.debug_aranges</name>
         <load_address>0x198</load_address>
         <run_address>0x198</run_address>
         <size>0x20</size>
         <input_file_ref idref="fl-140"/>
      </object_component>
      <object_component id="oc-7b">
         <name>.debug_aranges</name>
         <load_address>0x1b8</load_address>
         <run_address>0x1b8</run_address>
         <size>0x20</size>
         <input_file_ref idref="fl-3"/>
      </object_component>
      <object_component id="oc-b3">
         <name>.debug_aranges</name>
         <load_address>0x1d8</load_address>
         <run_address>0x1d8</run_address>
         <size>0x20</size>
         <input_file_ref idref="fl-14c"/>
      </object_component>
      <object_component id="oc-b8">
         <name>.debug_aranges</name>
         <load_address>0x1f8</load_address>
         <run_address>0x1f8</run_address>
         <size>0x20</size>
         <input_file_ref idref="fl-14c"/>
      </object_component>
      <object_component id="oc-bd">
         <name>.debug_aranges</name>
         <load_address>0x218</load_address>
         <run_address>0x218</run_address>
         <size>0x20</size>
         <input_file_ref idref="fl-14f"/>
      </object_component>
      <object_component id="oc-c2">
         <name>.debug_aranges</name>
         <load_address>0x238</load_address>
         <run_address>0x238</run_address>
         <size>0x20</size>
         <input_file_ref idref="fl-14f"/>
      </object_component>
      <object_component id="oc-c7">
         <name>.debug_aranges</name>
         <load_address>0x258</load_address>
         <run_address>0x258</run_address>
         <size>0x20</size>
         <input_file_ref idref="fl-14d"/>
      </object_component>
      <object_component id="oc-cc">
         <name>.debug_aranges</name>
         <load_address>0x278</load_address>
         <run_address>0x278</run_address>
         <size>0x20</size>
         <input_file_ref idref="fl-14f"/>
      </object_component>
      <object_component id="oc-d1">
         <name>.debug_aranges</name>
         <load_address>0x298</load_address>
         <run_address>0x298</run_address>
         <size>0x20</size>
         <input_file_ref idref="fl-14f"/>
      </object_component>
      <object_component id="oc-d6">
         <name>.debug_aranges</name>
         <load_address>0x2b8</load_address>
         <run_address>0x2b8</run_address>
         <size>0x20</size>
         <input_file_ref idref="fl-14d"/>
      </object_component>
      <object_component id="oc-db">
         <name>.debug_aranges</name>
         <load_address>0x2d8</load_address>
         <run_address>0x2d8</run_address>
         <size>0x20</size>
         <input_file_ref idref="fl-14d"/>
      </object_component>
      <object_component id="oc-e0">
         <name>.debug_aranges</name>
         <load_address>0x2f8</load_address>
         <run_address>0x2f8</run_address>
         <size>0x20</size>
         <input_file_ref idref="fl-14d"/>
      </object_component>
      <object_component id="oc-e5">
         <name>.debug_aranges</name>
         <load_address>0x318</load_address>
         <run_address>0x318</run_address>
         <size>0x20</size>
         <input_file_ref idref="fl-14d"/>
      </object_component>
      <object_component id="oc-ea">
         <name>.debug_aranges</name>
         <load_address>0x338</load_address>
         <run_address>0x338</run_address>
         <size>0x20</size>
         <input_file_ref idref="fl-14d"/>
      </object_component>
      <object_component id="oc-ee">
         <name>.debug_aranges</name>
         <load_address>0x358</load_address>
         <run_address>0x358</run_address>
         <size>0x20</size>
         <input_file_ref idref="fl-138"/>
      </object_component>
      <object_component id="oc-f5">
         <name>.debug_aranges</name>
         <load_address>0x378</load_address>
[...]
            <object_component_ref idref="oc-152"/>
            <object_component_ref idref="oc-155"/>
            <object_component_ref idref="oc-159"/>
            <object_component_ref idref="oc-15a"/>
            <object_component_ref idref="oc-15b"/>
            <object_component_ref idref="oc-15d"/>
            <object_component_ref idref="oc-15f"/>
            <object_component_ref idref="oc-179"/>
            <object_component_ref idref="oc-17a"/>
            <object_component_ref idref="oc-17c"/>
            <object_component_ref idref="oc-184"/>
            <object_component_ref idref="oc-185"/>
            <object_component_ref idref="oc-186"/>
            <object_component_ref idref="oc-18f"/>
            <object_component_ref idref="oc-190"/>
            <object_component_ref idref="oc-193"/>
            <object_component_ref idref="oc-197"/>
            <object_component_ref idref="oc-19a"/>
            <object_component_ref idref="oc-1a2"/>
            <object_component_ref idref="oc-1a3"/>
            <object_component_ref idref="oc-1a5"/>
            <object_component_ref idref="oc-1a7"/>
            <object_component_ref idref="oc-1aa"/>
            <object_component_ref idref="oc-1ad"/>
            <object_component_ref idref="oc-1b5"/>
            <object_component_ref idref="oc-1b6"/>
            <object_component_ref idref="oc-1b9"/>
            <object_component_ref idref="oc-1be"/>
            <object_component_ref idref="oc-1c0"/>
            <object_component_ref idref="oc-1c3"/>
            <object_component_ref idref="oc-1c7"/>
            <object_component_ref idref="oc-1cb"/>
            <object_component_ref idref="oc-1cd"/>
            <object_component_ref idref="oc-1d0"/>
            <object_component_ref idref="oc-1d2"/>
            <object_component_ref idref="oc-1d5"/>
            <object_component_ref idref="oc-1d9"/>
            <object_component_ref idref="oc-1dc"/>
            <object_component_ref idref="oc-1fd"/>
         </contents>
      </logical_group>
      <logical_group id="lg-1f4">
         <name>.debug_str</name>
         <load_address>0x0</load_address>
         <run_address>0x0</run_address>
         <size>0x13da</size>
         <contents>
            <object_component_ref idref="oc-4f"/>
            <object_component_ref idref="oc-60"/>
            <object_component_ref idref="oc-6b"/>
            <object_component_ref idref="oc-70"/>
            <object_component_ref idref="oc-80"/>
            <object_component_ref idref="oc-8a"/>
            <object_component_ref idref="oc-91"/>
            <object_component_ref idref="oc-97"/>
            <object_component_ref idref="oc-9d"/>
            <object_component_ref idref="oc-a4"/>
            <object_component_ref idref="oc-ab"/>
            <object_component_ref idref="oc-105"/>
            <object_component_ref idref="oc-11b"/>
            <object_component_ref idref="oc-120"/>
            <object_component_ref idref="oc-157"/>
            <object_component_ref idref="oc-195"/>
            <object_component_ref idref="oc-1af"/>
            <object_component_ref idref="oc-1bb"/>
            <object_component_ref idref="oc-1c5"/>
            <object_component_ref idref="oc-1d7"/>
         </contents>
      </logical_group>
      <logical_group id="lg-1f6">
         <name>.debug_pubtypes</name>
         <load_address>0x0</load_address>
         <run_address>0x0</run_address>
         <size>0xc33</size>
         <contents>
            <object_component_ref idref="oc-50"/>
            <object_component_ref idref="oc-61"/>
            <object_component_ref idref="oc-6c"/>
            <object_component_ref idref="oc-71"/>
            <object_component_ref idref="oc-81"/>
            <object_component_ref idref="oc-8b"/>
            <object_component_ref idref="oc-92"/>
            <object_component_ref idref="oc-98"/>
            <object_component_ref idref="oc-9e"/>
            <object_component_ref idref="oc-a5"/>
            <object_component_ref idref="oc-ac"/>
            <object_component_ref idref="oc-106"/>
            <object_component_ref idref="oc-11c"/>
            <object_component_ref idref="oc-121"/>
            <object_component_ref idref="oc-158"/>
            <object_component_ref idref="oc-196"/>
            <object_component_ref idref="oc-1b0"/>
            <object_component_ref idref="oc-1bc"/>
            <object_component_ref idref="oc-1c6"/>
            <object_component_ref idref="oc-1d8"/>
         </contents>
      </logical_group>
      <load_segment id="lg-1fe">
         <name>SEGMENT_0</name>
         <load_address>0x0</load_address>
         <run_address>0x0</run_address>
         <size>0x1308</size>
         <flags>0x5</flags>
         <contents>
            <logical_group_ref idref="lg-3"/>
            <logical_group_ref idref="lg-4"/>
            <logical_group_ref idref="lg-5"/>
            <logical_group_ref idref="lg-6"/>
         </contents>
      </load_segment>
      <load_segment id="lg-1ff">
         <name>SEGMENT_1</name>
         <load_address>0x20000000</load_address>
         <run_address>0x20000000</run_address>
         <size>0x238</size>
         <flags>0x6</flags>
         <contents>
            <logical_group_ref idref="lg-a"/>
            <logical_group_ref idref="lg-d"/>
         </contents>
      </load_segment>
   </logical_group_list>
   <placement_map>
      <memory_area>
         <name>FLASH</name>
         <page_id>0x0</page_id>
         <origin>0x0</origin>
         <length>0x100000</length>
         <used_space>0x1306</used_space>
         <unused_space>0xfecfa</unused_space>
         <attributes>RX</attributes>
         <usage_details>
            <allocated_space>
               <start_address>0x0</start_address>
               <size>0x200</size>
               <logical_group_ref idref="lg-3"/>
            </allocated_space>
            <allocated_space>
               <start_address>0x200</start_address>
               <size>0xe42</size>
               <logical_group_ref idref="lg-4"/>
            </allocated_space>
            <available_space>
               <start_address>0x1042</start_address>
               <size>0x2</size>
            </available_space>
            <allocated_space>
               <start_address>0x1044</start_address>
               <size>0x27c</size>
               <logical_group_ref idref="lg-5"/>
            </allocated_space>
            <allocated_space>
               <start_address>0x12c0</start_address>
               <size>0x48</size>
               <logical_group_ref idref="lg-6"/>
            </allocated_space>
            <available_space>
               <start_address>0x1308</start_address>
               <size>0xfecf8</size>
            </available_space>
         </usage_details>
      </memory_area>
      <memory_area>
         <name>SRAM</name>
         <page_id>0x0</page_id>
         <origin>0x20000000</origin>
         <length>0x40000</length>
         <used_space>0x238</used_space>
         <unused_space>0x3fdc8</unused_space>
         <attributes>RWX</attributes>
         <usage_details>
            <allocated_space>
               <start_address>0x20000000</start_address>
               <size>0x138</size>
               <logical_group_ref idref="lg-a"/>
            </allocated_space>
            <allocated_space>
               <start_address>0x20000138</start_address>
               <size>0x100</size>
               <logical_group_ref idref="lg-d"/>
            </allocated_space>
            <available_space>
               <start_address>0x20000238</start_address>
               <size>0x3fdc8</size>
            </available_space>
         </usage_details>
      </memory_area>
   </placement_map>
   <cptbl_list>
      <cptbl>
         <name>__TI_cinit_table</name>
         <cprec>
            <name>.data</name>
            <load_address>0x12c0</load_address>
            <load_size>0x38</load_size>
            <run_address>0x20000000</run_address>
            <run_size>0x138</run_size>
            <compression>rle</compression>
         </cprec>
      </cptbl>
   </cptbl_list>
   <handler_table>
      <handler_table_name>__TI_handler_table</handler_table_name>
      <handler>
         <index>0x0</index>
         <name>__TI_decompress_rle24</name>
      </handler>
      <handler>
         <index>0x1</index>
         <name>__TI_decompress_none</name>
      </handler>
   </handler_table>
   <symbol_table>
      <symbol id="sm-1">
         <name>__STACK_TOP</name>
         <value>0x20000238</value>
      </symbol>
      <symbol id="sm-2">
         <name>__TI_CINIT_Base</name>
         <value>0x1300</value>
      </symbol>
      <symbol id="sm-3">
         <name>__TI_CINIT_Limit</name>
         <value>0x1308</value>
      </symbol>
      <symbol id="sm-4">
         <name>__TI_Handler_Table_Base</name>
         <value>0x12f8</value>
      </symbol>
      <symbol id="sm-5">
         <name>__TI_Handler_Table_Limit</name>
         <value>0x1300</value>
      </symbol>
      <symbol id="sm-6">
         <name>binit</name>
         <value>0xffffffff</value>
      </symbol>
      <symbol id="sm-7">
         <name>__binit__</name>
         <value>0xffffffff</value>
      </symbol>
      <symbol id="sm-8">
         <name>__STACK_SIZE</name>
         <value>0x100</value>
      </symbol>
      <symbol id="sm-9">
         <name>__STACK_END</name>
         <value>0x20000238</value>
      </symbol>
      <symbol id="sm-a">
         <name>__c_args__</name>
         <value>0xffffffff</value>
      </symbol>
      <symbol id="sm-41">
         <name>main</name>
         <value>0x7c5</value>
         <object_component_ref idref="oc-77"/>
      </symbol>
      <symbol id="sm-78">
         <name>ResetISR</name>
         <value>0x1025</value>
         <object_component_ref idref="oc-21"/>
      </symbol>
      <symbol id="sm-79">
         <name>g_pfnVectors</name>
         <value>0x0</value>
         <object_component_ref idref="oc-e"/>
      </symbol>
      <symbol id="sm-88">
         <name>_c_int00</name>
         <value>0xcb9</value>
         <object_component_ref idref="oc-10"/>
      </symbol>
      <symbol id="sm-89">
         <name>__stack</name>
         <value>0x20000138</value>
         <object_component_ref idref="oc-20"/>
      </symbol>
      <symbol id="sm-a3">
         <name>__TI_decompress_none</name>
         <value>0x1005</value>
         <object_component_ref idref="oc-14"/>
      </symbol>
      <symbol id="sm-cd">
         <name>__TI_decompress_rle24</name>
         <value>0x1031</value>
         <object_component_ref idref="oc-1c"/>
      </symbol>
      <symbol id="sm-e9">
         <name>C$$EXIT</name>
         <value>0xd45</value>
         <object_component_ref idref="oc-40"/>
      </symbol>
      <symbol id="sm-ea">
         <name>_dtors_ptr</name>
         <value>0x20000124</value>
         <object_component_ref idref="oc-84"/>
      </symbol>
      <symbol id="sm-eb">
         <name>abort</name>
         <value>0xd49</value>
         <object_component_ref idref="oc-40"/>
      </symbol>
      <symbol id="sm-ec">
         <name>_cleanup_ptr</name>
         <value>0x20000120</value>
         <object_component_ref idref="oc-84"/>
      </symbol>
      <symbol id="sm-ed">
         <name>exit</name>
         <value>0xd51</value>
         <object_component_ref idref="oc-40"/>
      </symbol>
      <symbol id="sm-102">
         <name>memcpy</name>
         <value>0x9a1</value>
         <object_component_ref idref="oc-47"/>
      </symbol>
      <symbol id="sm-103">
         <name>__aeabi_memcpy</name>
         <value>0x9a1</value>
         <object_component_ref idref="oc-47"/>
      </symbol>
      <symbol id="sm-104">
         <name>__aeabi_memcpy8</name>
         <value>0x9a1</value>
         <object_component_ref idref="oc-47"/>
      </symbol>
      <symbol id="sm-105">
         <name>__aeabi_memcpy4</name>
         <value>0x9a1</value>
         <object_component_ref idref="oc-47"/>
      </symbol>
      <symbol id="sm-11a">
         <name>sinf</name>
         <value>0x1037</value>
         <object_component_ref idref="oc-eb"/>
      </symbol>
      <symbol id="sm-126">
         <name>main_func_sp</name>
         <value>0x20000134</value>
         <object_component_ref idref="oc-44"/>
      </symbol>
      <symbol id="sm-157">
         <name>_FSin</name>
         <value>0x3fd</value>
         <object_component_ref idref="oc-13c"/>
      </symbol>
      <symbol id="sm-165">
         <name>_FZero</name>
         <value>0x20000114</value>
         <object_component_ref idref="oc-175"/>
      </symbol>
      <symbol id="sm-166">
         <name>_FRteps</name>
         <value>0x20000100</value>
         <object_component_ref idref="oc-175"/>
      </symbol>
      <symbol id="sm-167">
         <name>_FSnan</name>
         <value>0x200000f0</value>
         <object_component_ref idref="oc-175"/>
      </symbol>
      <symbol id="sm-168">
         <name>_FNan</name>
         <value>0x200000e0</value>
         <object_component_ref idref="oc-175"/>
      </symbol>
      <symbol id="sm-169">
         <name>_FInf</name>
         <value>0x200000d0</value>
         <object_component_ref idref="oc-175"/>
      </symbol>
      <symbol id="sm-16a">
         <name>_FEps</name>
         <value>0x200000c0</value>
         <object_component_ref idref="oc-175"/>
      </symbol>
      <symbol id="sm-16b">
         <name>_FXbig</name>
         <value>0x20000110</value>
         <object_component_ref idref="oc-175"/>
      </symbol>
      <symbol id="sm-16c">
         <name>_FDenorm</name>
         <value>0x200000b0</value>
         <object_component_ref idref="oc-175"/>
      </symbol>
      <symbol id="sm-181">
         <name>_nop</name>
         <value>0xfcb</value>
         <object_component_ref idref="oc-f2"/>
      </symbol>
      <symbol id="sm-182">
         <name>_lock</name>
         <value>0x20000118</value>
         <object_component_ref idref="oc-82"/>
      </symbol>
      <symbol id="sm-183">
         <name>_unlock</name>
         <value>0x2000011c</value>
         <object_component_ref idref="oc-82"/>
      </symbol>
      <symbol id="sm-184">
         <name>_register_lock</name>
         <value>0xfc3</value>
         <object_component_ref idref="oc-f2"/>
      </symbol>
      <symbol id="sm-185">
         <name>_register_unlock</name>
         <value>0xfbd</value>
         <object_component_ref idref="oc-f2"/>
      </symbol>
      <symbol id="sm-18f">
         <name>_args_main</name>
         <value>0xf91</value>
         <object_component_ref idref="oc-3c"/>
      </symbol>
      <symbol id="sm-1a9">
         <name>__TI_auto_init</name>
         <value>0xa3d</value>
         <object_component_ref idref="oc-38"/>
      </symbol>
      <symbol id="sm-1c0">
         <name>copy_in</name>
         <value>0xd01</value>
         <object_component_ref idref="oc-72"/>
      </symbol>
      <symbol id="sm-1d0">
         <name>__aeabi_cdcmpeq</name>
         <value>0xad1</value>
         <object_component_ref idref="oc-16d"/>
      </symbol>
      <symbol id="sm-1d1">
         <name>__aeabi_cdcmple</name>
         <value>0xad1</value>
         <object_component_ref idref="oc-16d"/>
      </symbol>
      <symbol id="sm-1f4">
         <name>fmodf</name>
         <value>0x6a1</value>
         <object_component_ref idref="oc-171"/>
      </symbol>
      <symbol id="sm-1fe">
         <name>__aeabi_f2d</name>
         <value>0xdc5</value>
         <object_component_ref idref="oc-169"/>
      </symbol>
      <symbol id="sm-210">
         <name>_FDnorm</name>
         <value>0xb4f</value>
         <object_component_ref idref="oc-187"/>
      </symbol>
      <symbol id="sm-228">
         <name>_FDscale</name>
         <value>0x8e1</value>
         <object_component_ref idref="oc-18b"/>
      </symbol>
      <symbol id="sm-238">
         <name>_FDtest</name>
         <value>0xe31</value>
         <object_component_ref idref="oc-161"/>
      </symbol>
      <symbol id="sm-24a">
         <name>_Feraise</name>
         <value>0xe95</value>
         <object_component_ref idref="oc-165"/>
      </symbol>
      <symbol id="sm-251">
         <name>_Errno</name>
         <value>0x20000130</value>
         <object_component_ref idref="oc-182"/>
      </symbol>
      <symbol id="sm-266">
         <name>feraiseexcept</name>
         <value>0xe65</value>
         <object_component_ref idref="oc-17e"/>
      </symbol>
      <symbol id="sm-267">
         <name>_Tls_setup__Fenv</name>
         <value>0x2000012c</value>
         <object_component_ref idref="oc-1a0"/>
      </symbol>
      <symbol id="sm-268">
         <name>_Fenv</name>
         <value>0x20000128</value>
         <object_component_ref idref="oc-1a0"/>
      </symbol>
      <symbol id="sm-27a">
         <name>raise</name>
         <value>0xec5</value>
         <object_component_ref idref="oc-19c"/>
      </symbol>
      <symbol id="sm-291">
         <name>signal</name>
         <value>0xd85</value>
         <object_component_ref idref="oc-1b1"/>
      </symbol>
      <symbol id="sm-30b">
         <name>SysCtlDelay</name>
         <value>0x102b</value>
         <object_component_ref idref="oc-ef"/>
      </symbol>
      <symbol id="sm-30c">
         <name>SysCtlPeripheralEnable</name>
         <value>0xdfd</value>
         <object_component_ref idref="oc-b4"/>
      </symbol>
      <symbol id="sm-30d">
         <name>SysCtlClockFreqSet</name>
         <value>0x201</value>
         <object_component_ref idref="oc-af"/>
      </symbol>
      <symbol id="sm-33e">
         <name>PWMGenPeriodSet</name>
         <value>0xff5</value>
         <object_component_ref idref="oc-d7"/>
      </symbol>
      <symbol id="sm-33f">
         <name>PWMClockSet</name>
         <value>0xfa9</value>
         <object_component_ref idref="oc-c3"/>
      </symbol>
      <symbol id="sm-340">
         <name>PWMPulseWidthSet</name>
         <value>0xf3f</value>
         <object_component_ref idref="oc-dc"/>
      </symbol>
      <symbol id="sm-341">
         <name>PWMOutputState</name>
         <value>0xfe3</value>
         <object_component_ref idref="oc-e1"/>
      </symbol>
      <symbol id="sm-342">
         <name>PWMGenEnable</name>
         <value>0x1013</value>
         <object_component_ref idref="oc-e6"/>
      </symbol>
      <symbol id="sm-343">
         <name>PWMGenConfigure</name>
         <value>0xf1d</value>
         <object_component_ref idref="oc-d2"/>
      </symbol>
      <symbol id="sm-385">
         <name>GPIOPinTypePWM</name>
         <value>0xfd1</value>
         <object_component_ref idref="oc-cd"/>
      </symbol>
      <symbol id="sm-386">
         <name>GPIOPinConfigure</name>
         <value>0xc29</value>
         <object_component_ref idref="oc-c8"/>
      </symbol>
      <symbol id="sm-387">
         <name>GPIOPinTypeGPIOOutput</name>
         <value>0xf79</value>
         <object_component_ref idref="oc-b9"/>
      </symbol>
      <symbol id="sm-388">
         <name>GPIODirModeSet</name>
         <value>0xef3</value>
         <object_component_ref idref="oc-129"/>
      </symbol>
      <symbol id="sm-389">
         <name>GPIOPinWrite</name>
         <value>0x101f</value>
         <object_component_ref idref="oc-be"/>
      </symbol>
      <symbol id="sm-38a">
         <name>GPIOPadConfigSet</name>
         <value>0x571</value>
         <object_component_ref idref="oc-124"/>
      </symbol>
      <symbol id="sm-38c">
         <name>__TI_static_base__</name>
         <value>0x0</value>
      </symbol>
      <symbol id="sm-38d">
         <name>__TI_args_main</name>
         <value>0x1</value>
      </symbol>
      <symbol id="sm-38e">
         <name>SHT$$INIT_ARRAY$$Limit</name>
         <value>0x0</value>
      </symbol>
      <symbol id="sm-38f">
         <name>SHT$$INIT_ARRAY$$Base</name>
         <value>0x0</value>
      </symbol>
   </symbol_table>
</link_info>
