******************************************************************************
                  TI ARM Linker PC v5.0.4                      
******************************************************************************
>> Linked Wed Jul 22 23:07:48 2015

OUTPUT FILE NAME:   <traffic_light.out>
ENTRY POINT SYMBOL: "_c_int00"  address: 000007a5


MEMORY CONFIGURATION

         name            origin    length      used     unused   attr    fill
----------------------  --------  ---------  --------  --------  ----  --------
  FLASH                 00000000   00100000  00000b7e  000ff482  R  X
  SRAM                  20000000   00040000  00000118  0003fee8  RW X


SEGMENT ALLOCATION MAP

run origin  load origin   length   init length attrs members
----------  ----------- ---------- ----------- ----- -------
00000000    00000000    00000b80   00000b80    r-x
  00000000    00000000    00000200   00000200    r-- .intvecs
  00000200    00000200    00000782   00000782    r-x .text
  00000984    00000984    000001c4   000001c4    r-- .const
  00000b48    00000b48    00000038   00000038    r-- .cinit
20000000    20000000    00000100   00000000    rw-
  20000000    20000000    00000100   00000000    rw- .stack
20000100    20000100    00000018   00000014    rw-
  20000100    20000100    00000014   00000014    rw- .data
  20000114    20000114    00000004   00000000    rw- .bss


SECTION ALLOCATION MAP

 output                                  attributes/
section   page    origin      length       input sections
--------  ----  ----------  ----------   ----------------
.intvecs   0    00000000    00000200     
                  00000000    00000200     startup_ccs.obj (.intvecs)

.init_array 
*          0    00000000    00000000     UNINITIALIZED

.text      0    00000200    00000782     
                  00000200    000001fc     driverlib.lib : sysctl.obj (.text:SysCtlClockFreqSet)
                  000003fc    00000130                   : gpio.obj (.text:GPIOPadConfigSet)
                  0000052c    000000a0     main.obj (.text:main)
                  000005cc    0000009c     rtsv7M4_T_le_v4SPD16_eabi.lib : memcpy_t2.obj (.text)
                  00000668    00000094                                   : auto_init.obj (.text)
                  000006fc    0000005e                                   : copy_decompress_rle.obj (.text)
                  0000075a    00000002     startup_ccs.obj (.text:FaultISR)
                  0000075c    00000048     driverlib.lib : sysctl.obj (.text:_SysCtlFrequencyGet)
                  000007a4    00000048     rtsv7M4_T_le_v4SPD16_eabi.lib : boot.obj (.text)
                  000007ec    00000044                                   : cpy_tbl.obj (.text)
                  00000830    00000040                                   : exit.obj (.text)
                  00000870    00000034     driverlib.lib : sysctl.obj (.text:SysCtlPeripheralEnable)
                  000008a4    0000002a                   : gpio.obj (.text:GPIODirModeSet)
                  000008ce    00000002     startup_ccs.obj (.text:IntDefaultHandler)
                  000008d0    0000001c     driverlib.lib : sysctl.obj (.text:_SysCtlMemTimingGet)
                  000008ec    00000018                   : gpio.obj (.text:GPIOPinTypeGPIOOutput)
                  00000904    00000018     main.obj (.text:delayMS)
                  0000091c    00000018     rtsv7M4_T_le_v4SPD16_eabi.lib : args_main.obj (.text)
                  00000934    00000014                                   : _lock.obj (.text)
                  00000948    00000012                                   : copy_zero_init.obj (.text:decompress:ZI)
                  0000095a    0000000e                                   : copy_decompress_none.obj (.text:decompress:none)
                  00000968    00000006     driverlib.lib : gpio.obj (.text:GPIOPinWrite)
                  0000096e    00000006     startup_ccs.obj (.text:ResetISR)
                  00000974    00000006     driverlib.lib : sysctl.obj (.text:SysCtlDelay)
                  0000097a    00000006     rtsv7M4_T_le_v4SPD16_eabi.lib : copy_decompress_rle.obj (.text:decompress:rle24)
                  00000980    00000002     startup_ccs.obj (.text:NmiSR)

.const     0    00000984    000001c4     
                  00000984    00000120     driverlib.lib : sysctl.obj (.const:g_pppui32XTALtoVCO)
                  00000aa4    0000006c                   : sysctl.obj (.const:g_pui32Xtals)
                  00000b10    00000030                   : sysctl.obj (.const:g_sXTALtoMEMTIM)
                  00000b40    00000008                   : sysctl.obj (.const)

.cinit     0    00000b48    00000038     
                  00000b48    0000000f     (.cinit..data.load) [load image, compression = rle]
                  00000b57    00000001     --HOLE-- [fill = 0]
                  00000b58    0000000c     (__TI_handler_table)
                  00000b64    00000004     --HOLE-- [fill = 0]
                  00000b68    00000008     (.cinit..bss.load) [load image, compression = zero_init]
                  00000b70    00000010     (__TI_cinit_table)

.stack     0    20000000    00000100     UNINITIALIZED
                  20000000    00000100     --HOLE--

.data      0    20000100    00000014     
                  20000100    00000008     rtsv7M4_T_le_v4SPD16_eabi.lib : _lock.obj (.data)
                  20000108    00000008                                   : exit.obj (.data)
                  20000110    00000004                                   : stkdepth_vars.obj (.data)

.bss       0    20000114    00000004     UNINITIALIZED
                  20000114    00000004     main.obj (.bss)


LINKER GENERATED COPY TABLES

__TI_cinit_table @ 00000b70 records: 2, size/record: 8, table size: 16
	.data: load addr=00000b48, load size=0000000f bytes, run addr=20000100, run size=00000014 bytes, compression=rle
	.bss: load addr=00000b68, load size=00000008 bytes, run addr=20000114, run size=00000004 bytes, compression=zero_init


LINKER GENERATED HANDLER TABLE

__TI_handler_table @ 00000b58 records: 3, size/record: 4, table size: 12
	index: 0, handler: __TI_decompress_rle24
	index: 1, handler: __TI_decompress_none
	index: 2, handler: __TI_zero_init


GLOBAL SYMBOLS: SORTED ALPHABETICALLY BY Name 

address    name
--------   ----
00000831   C$$EXIT
000008a5   GPIODirModeSet
000003fd   GPIOPadConfigSet
000008ed   GPIOPinTypeGPIOOutput
00000969   GPIOPinWrite
0000096f   ResetISR
UNDEFED    SHT$$INIT_ARRAY$$Base
UNDEFED    SHT$$INIT_ARRAY$$Limit
00000201   SysCtlClockFreqSet
00000975   SysCtlDelay
00000871   SysCtlPeripheralEnable
20000100   __STACK_END
00000100   __STACK_SIZE
20000100   __STACK_TOP
00000b70   __TI_CINIT_Base
00000b80   __TI_CINIT_Limit
00000b58   __TI_Handler_Table_Base
00000b64   __TI_Handler_Table_Limit
00000001   __TI_args_main
00000669   __TI_auto_init
0000095b   __TI_decompress_none
0000097b   __TI_decompress_rle24
00000000   __TI_static_base__
00000949   __TI_zero_init
000005cd   __aeabi_memcpy
000005cd   __aeabi_memcpy4
000005cd   __aeabi_memcpy8
ffffffff   __binit__
ffffffff   __c_args__
20000000   __stack
0000091d   _args_main
000007a5   _c_int00
20000108   _cleanup_ptr
2000010c   _dtors_ptr
20000100   _lock
00000943   _nop
0000093b   _register_lock
00000935   _register_unlock
20000104   _unlock
00000835   abort
ffffffff   binit
000007ed   copy_in
00000905   delayMS
0000083d   exit
00000000   g_pfnVectors
20000114   g_ui32SysClock
0000052d   main
20000110   main_func_sp
000005cd   memcpy


GLOBAL SYMBOLS: SORTED BY Symbol Address 

address    name
--------   ----
00000000   __TI_static_base__
00000000   g_pfnVectors
00000001   __TI_args_main
00000100   __STACK_SIZE
00000201   SysCtlClockFreqSet
000003fd   GPIOPadConfigSet
0000052d   main
000005cd   __aeabi_memcpy
000005cd   __aeabi_memcpy4
000005cd   __aeabi_memcpy8
000005cd   memcpy
00000669   __TI_auto_init
000007a5   _c_int00
000007ed   copy_in
00000831   C$$EXIT
00000835   abort
0000083d   exit
00000871   SysCtlPeripheralEnable
000008a5   GPIODirModeSet
000008ed   GPIOPinTypeGPIOOutput
00000905   delayMS
0000091d   _args_main
00000935   _register_unlock
0000093b   _register_lock
00000943   _nop
00000949   __TI_zero_init
0000095b   __TI_decompress_none
00000969   GPIOPinWrite
0000096f   ResetISR
00000975   SysCtlDelay
0000097b   __TI_decompress_rle24
00000b58   __TI_Handler_Table_Base
00000b64   __TI_Handler_Table_Limit
00000b70   __TI_CINIT_Base
00000b80   __TI_CINIT_Limit
20000000   __stack
20000100   __STACK_END
20000100   __STACK_TOP
20000100   _lock
20000104   _unlock
20000108   _cleanup_ptr
2000010c   _dtors_ptr
20000110   main_func_sp
20000114   g_ui32SysClock
ffffffff   __binit__
ffffffff   __c_args__
ffffffff   binit
UNDEFED    SHT$$INIT_ARRAY$$Base
UNDEFED    SHT$$INIT_ARRAY$$Limit

[49 symbols]
